Archive member included to satisfy reference by file (symbol)

d:/stm32cubemx/gcc-arm-none-eabi-10.3-2021.10/bin/../lib/gcc/arm-none-eabi/10.3.1/thumb/v7e-m/nofp\libgcc.a(_aeabi_uldivmod.o)
                              CMakeFiles/CLion_Demo.elf.dir/Drivers/STM32F4xx_HAL_Driver/Src/stm32f4xx_hal_rcc.c.obj (__aeabi_uldivmod)
d:/stm32cubemx/gcc-arm-none-eabi-10.3-2021.10/bin/../lib/gcc/arm-none-eabi/10.3.1/thumb/v7e-m/nofp\libgcc.a(_udivmoddi4.o)
                              d:/stm32cubemx/gcc-arm-none-eabi-10.3-2021.10/bin/../lib/gcc/arm-none-eabi/10.3.1/thumb/v7e-m/nofp\libgcc.a(_aeabi_uldivmod.o) (__udivmoddi4)
d:/stm32cubemx/gcc-arm-none-eabi-10.3-2021.10/bin/../lib/gcc/arm-none-eabi/10.3.1/thumb/v7e-m/nofp\libgcc.a(_dvmd_tls.o)
                              d:/stm32cubemx/gcc-arm-none-eabi-10.3-2021.10/bin/../lib/gcc/arm-none-eabi/10.3.1/thumb/v7e-m/nofp\libgcc.a(_aeabi_uldivmod.o) (__aeabi_ldiv0)
d:/stm32cubemx/gcc-arm-none-eabi-10.3-2021.10/bin/../lib/gcc/arm-none-eabi/10.3.1/../../../../arm-none-eabi/lib/thumb/v7e-m/nofp\libg.a(lib_a-errno.o)
                              CMakeFiles/CLion_Demo.elf.dir/Core/Src/syscalls.c.obj (__errno)
d:/stm32cubemx/gcc-arm-none-eabi-10.3-2021.10/bin/../lib/gcc/arm-none-eabi/10.3.1/../../../../arm-none-eabi/lib/thumb/v7e-m/nofp\libg.a(lib_a-exit.o)
                              d:/stm32cubemx/gcc-arm-none-eabi-10.3-2021.10/bin/../lib/gcc/arm-none-eabi/10.3.1/../../../../arm-none-eabi/lib/thumb/v7e-m/nofp/crt0.o (exit)
d:/stm32cubemx/gcc-arm-none-eabi-10.3-2021.10/bin/../lib/gcc/arm-none-eabi/10.3.1/../../../../arm-none-eabi/lib/thumb/v7e-m/nofp\libg.a(lib_a-impure.o)
                              d:/stm32cubemx/gcc-arm-none-eabi-10.3-2021.10/bin/../lib/gcc/arm-none-eabi/10.3.1/../../../../arm-none-eabi/lib/thumb/v7e-m/nofp\libg.a(lib_a-exit.o) (_global_impure_ptr)
d:/stm32cubemx/gcc-arm-none-eabi-10.3-2021.10/bin/../lib/gcc/arm-none-eabi/10.3.1/../../../../arm-none-eabi/lib/thumb/v7e-m/nofp\libg.a(lib_a-init.o)
                              d:/stm32cubemx/gcc-arm-none-eabi-10.3-2021.10/bin/../lib/gcc/arm-none-eabi/10.3.1/../../../../arm-none-eabi/lib/thumb/v7e-m/nofp/crt0.o (__libc_init_array)
d:/stm32cubemx/gcc-arm-none-eabi-10.3-2021.10/bin/../lib/gcc/arm-none-eabi/10.3.1/../../../../arm-none-eabi/lib/thumb/v7e-m/nofp\libg.a(lib_a-memset.o)
                              d:/stm32cubemx/gcc-arm-none-eabi-10.3-2021.10/bin/../lib/gcc/arm-none-eabi/10.3.1/../../../../arm-none-eabi/lib/thumb/v7e-m/nofp/crt0.o (memset)
d:/stm32cubemx/gcc-arm-none-eabi-10.3-2021.10/bin/../lib/gcc/arm-none-eabi/10.3.1/../../../../arm-none-eabi/lib/thumb/v7e-m/nofp\libg.a(lib_a-printf.o)
                              CMakeFiles/CLion_Demo.elf.dir/Core/Src/speak.c.obj (printf)
d:/stm32cubemx/gcc-arm-none-eabi-10.3-2021.10/bin/../lib/gcc/arm-none-eabi/10.3.1/../../../../arm-none-eabi/lib/thumb/v7e-m/nofp\libg.a(lib_a-puts.o)
                              CMakeFiles/CLion_Demo.elf.dir/Core/Src/main.c.obj (puts)
d:/stm32cubemx/gcc-arm-none-eabi-10.3-2021.10/bin/../lib/gcc/arm-none-eabi/10.3.1/../../../../arm-none-eabi/lib/thumb/v7e-m/nofp\libg.a(lib_a-sprintf.o)
                              CMakeFiles/CLion_Demo.elf.dir/Core/Src/speak.c.obj (sprintf)
d:/stm32cubemx/gcc-arm-none-eabi-10.3-2021.10/bin/../lib/gcc/arm-none-eabi/10.3.1/../../../../arm-none-eabi/lib/thumb/v7e-m/nofp\libg.a(lib_a-strlen.o)
                              CMakeFiles/CLion_Demo.elf.dir/Core/Src/speak.c.obj (strlen)
d:/stm32cubemx/gcc-arm-none-eabi-10.3-2021.10/bin/../lib/gcc/arm-none-eabi/10.3.1/../../../../arm-none-eabi/lib/thumb/v7e-m/nofp\libg.a(lib_a-svfprintf.o)
                              d:/stm32cubemx/gcc-arm-none-eabi-10.3-2021.10/bin/../lib/gcc/arm-none-eabi/10.3.1/../../../../arm-none-eabi/lib/thumb/v7e-m/nofp\libg.a(lib_a-sprintf.o) (_svfprintf_r)
d:/stm32cubemx/gcc-arm-none-eabi-10.3-2021.10/bin/../lib/gcc/arm-none-eabi/10.3.1/../../../../arm-none-eabi/lib/thumb/v7e-m/nofp\libg.a(lib_a-vfprintf.o)
                              d:/stm32cubemx/gcc-arm-none-eabi-10.3-2021.10/bin/../lib/gcc/arm-none-eabi/10.3.1/../../../../arm-none-eabi/lib/thumb/v7e-m/nofp\libg.a(lib_a-printf.o) (_vfprintf_r)
d:/stm32cubemx/gcc-arm-none-eabi-10.3-2021.10/bin/../lib/gcc/arm-none-eabi/10.3.1/../../../../arm-none-eabi/lib/thumb/v7e-m/nofp\libg.a(lib_a-wsetup.o)
                              d:/stm32cubemx/gcc-arm-none-eabi-10.3-2021.10/bin/../lib/gcc/arm-none-eabi/10.3.1/../../../../arm-none-eabi/lib/thumb/v7e-m/nofp\libg.a(lib_a-vfprintf.o) (__swsetup_r)
d:/stm32cubemx/gcc-arm-none-eabi-10.3-2021.10/bin/../lib/gcc/arm-none-eabi/10.3.1/../../../../arm-none-eabi/lib/thumb/v7e-m/nofp\libg.a(lib_a-__call_atexit.o)
                              d:/stm32cubemx/gcc-arm-none-eabi-10.3-2021.10/bin/../lib/gcc/arm-none-eabi/10.3.1/../../../../arm-none-eabi/lib/thumb/v7e-m/nofp\libg.a(lib_a-exit.o) (__call_exitprocs)
[...]
Memory Configuration

Name             Origin             Length             Attributes
CCMRAM           0x10000000         0x00010000         xrw
RAM              0x20000000         0x00020000         xrw
FLASH            0x08000000         0x00100000         xr
*default*        0x00000000         0xffffffff

Linker script and memory map

LOAD d:/stm32cubemx/gcc-arm-none-eabi-10.3-2021.10/bin/../lib/gcc/arm-none-eabi/10.3.1/thumb/v7e-m/nofp/crti.o
LOAD d:/stm32cubemx/gcc-arm-none-eabi-10.3-2021.10/bin/../lib/gcc/arm-none-eabi/10.3.1/thumb/v7e-m/nofp/crtbegin.o
LOAD d:/stm32cubemx/gcc-arm-none-eabi-10.3-2021.10/bin/../lib/gcc/arm-none-eabi/10.3.1/../../../../arm-none-eabi/lib/thumb/v7e-m/nofp/crt0.o
LOAD CMakeFiles/CLion_Demo.elf.dir/Core/Src/gpio.c.obj
LOAD CMakeFiles/CLion_Demo.elf.dir/Core/Src/i2c.c.obj
LOAD CMakeFiles/CLion_Demo.elf.dir/Core/Src/main.c.obj
LOAD CMakeFiles/CLion_Demo.elf.dir/Core/Src/oled.c.obj
LOAD CMakeFiles/CLion_Demo.elf.dir/Core/Src/speak.c.obj
LOAD CMakeFiles/CLion_Demo.elf.dir/Core/Src/stm32f4xx_hal_msp.c.obj
LOAD CMakeFiles/CLion_Demo.elf.dir/Core/Src/stm32f4xx_it.c.obj
LOAD CMakeFiles/CLion_Demo.elf.dir/Core/Src/syscalls.c.obj
LOAD CMakeFiles/CLion_Demo.elf.dir/Core/Src/sysmem.c.obj
LOAD CMakeFiles/CLion_Demo.elf.dir/Core/Src/system_stm32f4xx.c.obj
LOAD CMakeFiles/CLion_Demo.elf.dir/Core/Src/usart.c.obj
LOAD CMakeFiles/CLion_Demo.elf.dir/Core/Startup/startup_stm32f407zgtx.s.obj
LOAD CMakeFiles/CLion_Demo.elf.dir/Drivers/STM32F4xx_HAL_Driver/Src/stm32f4xx_hal.c.obj
LOAD CMakeFiles/CLion_Demo.elf.dir/Drivers/STM32F4xx_HAL_Driver/Src/stm32f4xx_hal_cortex.c.obj
LOAD CMakeFiles/CLion_Demo.elf.dir/Drivers/STM32F4xx_HAL_Driver/Src/stm32f4xx_hal_dma.c.obj
LOAD CMakeFiles/CLion_Demo.elf.dir/Drivers/STM32F4xx_HAL_Driver/Src/stm32f4xx_hal_dma_ex.c.obj
LOAD CMakeFiles/CLion_Demo.elf.dir/Drivers/STM32F4xx_HAL_Driver/Src/stm32f4xx_hal_exti.c.obj
LOAD CMakeFiles/CLion_Demo.elf.dir/Drivers/STM32F4xx_HAL_Driver/Src/stm32f4xx_hal_flash.c.obj
LOAD CMakeFiles/CLion_Demo.elf.dir/Drivers/STM32F4xx_HAL_Driver/Src/stm32f4xx_hal_flash_ex.c.obj
LOAD CMakeFiles/CLion_Demo.elf.dir/Drivers/STM32F4xx_HAL_Driver/Src/stm32f4xx_hal_flash_ramfunc.c.obj
LOAD CMakeFiles/CLion_Demo.elf.dir/Drivers/STM32F4xx_HAL_Driver/Src/stm32f4xx_hal_gpio.c.obj
LOAD CMakeFiles/CLion_Demo.elf.dir/Drivers/STM32F4xx_HAL_Driver/Src/stm32f4xx_hal_i2c.c.obj
LOAD CMakeFiles/CLion_Demo.elf.dir/Drivers/STM32F4xx_HAL_Driver/Src/stm32f4xx_hal_i2c_ex.c.obj
LOAD CMakeFiles/CLion_Demo.elf.dir/Drivers/STM32F4xx_HAL_Driver/Src/stm32f4xx_hal_pwr.c.obj
LOAD CMakeFiles/CLion_Demo.elf.dir/Drivers/STM32F4xx_HAL_Driver/Src/stm32f4xx_hal_pwr_ex.c.obj
LOAD CMakeFiles/CLion_Demo.elf.dir/Drivers/STM32F4xx_HAL_Driver/Src/stm32f4xx_hal_rcc.c.obj
LOAD CMakeFiles/CLion_Demo.elf.dir/Drivers/STM32F4xx_HAL_Driver/Src/stm32f4xx_hal_rcc_ex.c.obj
LOAD CMakeFiles/CLion_Demo.elf.dir/Drivers/STM32F4xx_HAL_Driver/Src/stm32f4xx_hal_tim.c.obj
LOAD CMakeFiles/CLion_Demo.elf.dir/Drivers/STM32F4xx_HAL_Driver/Src/stm32f4xx_hal_tim_ex.c.obj
LOAD CMakeFiles/CLion_Demo.elf.dir/Drivers/STM32F4xx_HAL_Driver/Src/stm32f4xx_hal_uart.c.obj
START GROUP
LOAD d:/stm32cubemx/gcc-arm-none-eabi-10.3-2021.10/bin/../lib/gcc/arm-none-eabi/10.3.1/thumb/v7e-m/nofp\libgcc.a
LOAD d:/stm32cubemx/gcc-arm-none-eabi-10.3-2021.10/bin/../lib/gcc/arm-none-eabi/10.3.1/../../../../arm-none-eabi/lib/thumb/v7e-m/nofp\libg.a
LOAD d:/stm32cubemx/gcc-arm-none-eabi-10.3-2021.10/bin/../lib/gcc/arm-none-eabi/10.3.1/../../../../arm-none-eabi/lib/thumb/v7e-m/nofp\libc.a
END GROUP
LOAD d:/stm32cubemx/gcc-arm-none-eabi-10.3-2021.10/bin/../lib/gcc/arm-none-eabi/10.3.1/thumb/v7e-m/nofp/crtend.o
LOAD d:/stm32cubemx/gcc-arm-none-eabi-10.3-2021.10/bin/../lib/gcc/arm-none-eabi/10.3.1/thumb/v7e-m/nofp/crtn.o
                0x20020000                _estack = (ORIGIN (RAM) + LENGTH (RAM))
                0x00000200                _Min_Heap_Size = 0x200
                0x00000400                _Min_Stack_Size = 0x400

.isr_vector     0x08000000      0x188
                0x08000000                . = ALIGN (0x4)
 *(.isr_vector)
 .isr_vector    0x08000000      0x188 CMakeFiles/CLion_Demo.elf.dir/Core/Startup/startup_stm32f407zgtx.s.obj
                0x08000000                g_pfnVectors
                0x08000188                . = ALIGN (0x4)

.text           0x080001c0     0xb2e0
                0x080001c0                . = ALIGN (0x4)
 *(.text)
 .text          0x080001c0       0x40 d:/stm32cubemx/gcc-arm-none-eabi-10.3-2021.10/bin/../lib/gcc/arm-none-eabi/10.3.1/thumb/v7e-m/nofp/crtbegin.o
 .text          0x08000200       0x30 d:/stm32cubemx/gcc-arm-none-eabi-10.3-2021.10/bin/../lib/gcc/arm-none-eabi/10.3.1/thumb/v7e-m/nofp\libgcc.a(_aeabi_uldivmod.o)
                0x08000200                __aeabi_uldivmod
 .text          0x08000230      0x2d0 d:/stm32cubemx/gcc-arm-none-eabi-10.3-2021.10/bin/../lib/gcc/arm-none-eabi/10.3.1/thumb/v7e-m/nofp\libgcc.a(_udivmoddi4.o)
                0x08000230                __udivmoddi4
 .text          0x08000500        0x4 d:/stm32cubemx/gcc-arm-none-eabi-10.3-2021.10/bin/../lib/gcc/arm-none-eabi/10.3.1/thumb/v7e-m/nofp\libgcc.a(_dvmd_tls.o)
                0x08000500                __aeabi_idiv0
                0x08000500                __aeabi_ldiv0
 *fill*         0x08000504       0x3c 
 .text          0x08000540       0xdc d:/stm32cubemx/gcc-arm-none-eabi-10.3-2021.10/bin/../lib/gcc/arm-none-eabi/10.3.1/../../../../arm-none-eabi/lib/thumb/v7e-m/nofp\libg.a(lib_a-strlen.o)
                0x08000540                strlen
 *fill*         0x0800061c        0x4 
 .text          0x08000620       0xa0 d:/stm32cubemx/gcc-arm-none-eabi-10.3-2021.10/bin/../lib/gcc/arm-none-eabi/10.3.1/../../../../arm-none-eabi/lib/thumb/v7e-m/nofp\libg.a(lib_a-memchr.o)
                0x08000620                memchr
 .text          0x080006c0      0x134 d:/stm32cubemx/gcc-arm-none-eabi-10.3-2021.10/bin/../lib/gcc/arm-none-eabi/10.3.1/../../../../arm-none-eabi/lib/thumb/v7e-m/nofp\libg.a(lib_a-memcpy.o)
                0x080006c0                memcpy
 .text          0x080007f4      0x378 d:/stm32cubemx/gcc-arm-none-eabi-10.3-2021.10/bin/../lib/gcc/arm-none-eabi/10.3.1/thumb/v7e-m/nofp\libgcc.a(_arm_addsubdf3.o)
                0x080007f4                __aeabi_drsub
                0x080007fc                __aeabi_dsub
                0x080007fc                __subdf3
                0x08000800                __aeabi_dadd
                0x08000800                __adddf3
                0x08000a78                __floatunsidf
                0x08000a78                __aeabi_ui2d
                0x08000a98                __floatsidf
                0x08000a98                __aeabi_i2d
                0x08000abc                __aeabi_f2d
                0x08000abc                __extendsfdf2
                0x08000b00                __floatundidf
                0x08000b00                __aeabi_ul2d
                0x08000b10                __floatdidf
                0x08000b10                __aeabi_l2d
 .text          0x08000b6c      0x424 d:/stm32cubemx/gcc-arm-none-eabi-10.3-2021.10/bin/../lib/gcc/arm-none-eabi/10.3.1/thumb/v7e-m/nofp\libgcc.a(_arm_muldivdf3.o)
                0x08000b6c                __aeabi_dmul
                0x08000b6c                __muldf3
                0x08000dc0                __divdf3
                0x08000dc0                __aeabi_ddiv
 .text          0x08000f90      0x110 d:/stm32cubemx/gcc-arm-none-eabi-10.3-2021.10/bin/../lib/gcc/arm-none-eabi/10.3.1/thumb/v7e-m/nofp\libgcc.a(_arm_cmpdf2.o)
                0x08000f90                __gtdf2
                0x08000f90                __gedf2
                0x08000f98                __ltdf2
                0x08000f98                __ledf2
                0x08000fa0                __nedf2
                0x08000fa0                __eqdf2
                0x08000fa0                __cmpdf2
                0x0800101c                __aeabi_cdrcmple
                0x0800102c                __aeabi_cdcmpeq
                0x0800102c                __aeabi_cdcmple
                0x0800103c                __aeabi_dcmpeq
                0x08001050                __aeabi_dcmplt
                0x08001064                __aeabi_dcmple
                0x08001078                __aeabi_dcmpge
                0x0800108c                __aeabi_dcmpgt
 .text          0x080010a0       0x2c d:/stm32cubemx/gcc-arm-none-eabi-10.3-2021.10/bin/../lib/gcc/arm-none-eabi/10.3.1/thumb/v7e-m/nofp\libgcc.a(_arm_unorddf2.o)
                0x080010a0                __unorddf2
                0x080010a0                __aeabi_dcmpun
 .text          0x080010cc       0x50 d:/stm32cubemx/gcc-arm-none-eabi-10.3-2021.10/bin/../lib/gcc/arm-none-eabi/10.3.1/thumb/v7e-m/nofp\libgcc.a(_arm_fixdfsi.o)
                0x080010cc                __aeabi_d2iz
                0x080010cc                __fixdfsi
 *(.text*)
 .text.MX_GPIO_Init
                0x0800111c       0x94 CMakeFiles/CLion_Demo.elf.dir/Core/Src/gpio.c.obj
                0x0800111c                MX_GPIO_Init
 .text.MX_I2C1_Init
                0x080011b0       0x3c CMakeFiles/CLion_Demo.elf.dir/Core/Src/i2c.c.obj
                0x080011b0                MX_I2C1_Init
 .text.MX_I2C2_Init
                0x080011ec       0x3c CMakeFiles/CLion_Demo.elf.dir/Core/Src/i2c.c.obj
                0x080011ec                MX_I2C2_Init
 .text.HAL_I2C_MspInit
                0x08001228       0xc0 CMakeFiles/CLion_Demo.elf.dir/Core/Src/i2c.c.obj
                0x08001228                HAL_I2C_MspInit
 .text.Error_Handler
                0x080012e8        0x4 CMakeFiles/CLion_Demo.elf.dir/Core/Src/main.c.obj
                0x080012e8                Error_Handler
 .text.SystemClock_Config
                0x080012ec       0xa0 CMakeFiles/CLion_Demo.elf.dir/Core/Src/main.c.obj
                0x080012ec                SystemClock_Config
 .text.main     0x0800138c       0x78 CMakeFiles/CLion_Demo.elf.dir/Core/Src/main.c.obj
                0x0800138c                main
 .text.oled_cmd
                0x08001404       0x2c CMakeFiles/CLion_Demo.elf.dir/Core/Src/oled.c.obj
 .text.oled_origin
                0x08001430       0x26 CMakeFiles/CLion_Demo.elf.dir/Core/Src/oled.c.obj
 *fill*         0x08001456        0x2 
 .text.oled_data
                0x08001458       0x2c CMakeFiles/CLion_Demo.elf.dir/Core/Src/oled.c.obj
 .text.oled_clear
                0x08001484       0x3a CMakeFiles/CLion_Demo.elf.dir/Core/Src/oled.c.obj
                0x08001484                oled_clear
 .text.oled_full
                0x080014be       0x3c CMakeFiles/CLion_Demo.elf.dir/Core/Src/oled.c.obj
                0x080014be                oled_full
 .text.oled_init
                0x080014fa       0xb8 CMakeFiles/CLion_Demo.elf.dir/Core/Src/oled.c.obj
                0x080014fa                oled_init
 *fill*         0x080015b2        0x2 
 .text.OLED_ShowChar
                0x080015b4       0x90 CMakeFiles/CLion_Demo.elf.dir/Core/Src/oled.c.obj
                0x080015b4                OLED_ShowChar
 .text.OLED_ShowString
                0x08001644       0x36 CMakeFiles/CLion_Demo.elf.dir/Core/Src/oled.c.obj
                0x08001644                OLED_ShowString
 *fill*         0x0800167a        0x2 
 .text.I2C_TIMEOUT_UserCallback
                0x0800167c       0x10 CMakeFiles/CLion_Demo.elf.dir/Core/Src/speak.c.obj
 .text.I2C_ByteWrite
                0x0800168c       0x74 CMakeFiles/CLion_Demo.elf.dir/Core/Src/speak.c.obj
                0x0800168c                I2C_ByteWrite
 .text.I2C_Writes_Bytes
                0x08001700       0x18 CMakeFiles/CLion_Demo.elf.dir/Core/Src/speak.c.obj
                0x08001700                I2C_Writes_Bytes
 .text.GetChipStatus
                0x08001718       0x4c CMakeFiles/CLion_Demo.elf.dir/Core/Src/speak.c.obj
                0x08001718                GetChipStatus
 .text.speech_text
                0x08001764       0x62 CMakeFiles/CLion_Demo.elf.dir/Core/Src/speak.c.obj
                0x08001764                speech_text
 .text.SetBase  0x080017c6       0x62 CMakeFiles/CLion_Demo.elf.dir/Core/Src/speak.c.obj
                0x080017c6                SetBase
 .text.TextCtrl
                0x08001828       0x34 CMakeFiles/CLion_Demo.elf.dir/Core/Src/speak.c.obj
                0x08001828                TextCtrl
 .text.SetReader
                0x0800185c       0x1c CMakeFiles/CLion_Demo.elf.dir/Core/Src/speak.c.obj
                0x0800185c                SetReader
 .text.SetVolume
                0x08001878       0x34 CMakeFiles/CLion_Demo.elf.dir/Core/Src/speak.c.obj
                0x08001878                SetVolume
 .text.HAL_MspInit
                0x080018ac       0x38 CMakeFiles/CLion_Demo.elf.dir/Core/Src/stm32f4xx_hal_msp.c.obj
                0x080018ac                HAL_MspInit
 .text.NMI_Handler
                0x080018e4        0x2 CMakeFiles/CLion_Demo.elf.dir/Core/Src/stm32f4xx_it.c.obj
                0x080018e4                NMI_Handler
 .text.HardFault_Handler
                0x080018e6        0x2 CMakeFiles/CLion_Demo.elf.dir/Core/Src/stm32f4xx_it.c.obj
                0x080018e6                HardFault_Handler
 .text.MemManage_Handler
                0x080018e8        0x2 CMakeFiles/CLion_Demo.elf.dir/Core/Src/stm32f4xx_it.c.obj
                0x080018e8                MemManage_Handler
 .text.BusFault_Handler
                0x080018ea        0x2 CMakeFiles/CLion_Demo.elf.dir/Core/Src/stm32f4xx_it.c.obj
                0x080018ea                BusFault_Handler
 .text.UsageFault_Handler
                0x080018ec        0x2 CMakeFiles/CLion_Demo.elf.dir/Core/Src/stm32f4xx_it.c.obj
                0x080018ec                UsageFault_Handler
 .text.SVC_Handler
                0x080018ee        0x2 CMakeFiles/CLion_Demo.elf.dir/Core/Src/stm32f4xx_it.c.obj
                0x080018ee                SVC_Handler
 .text.DebugMon_Handler
                0x080018f0        0x2 CMakeFiles/CLion_Demo.elf.dir/Core/Src/stm32f4xx_it.c.obj
                0x080018f0                DebugMon_Handler
 .text.PendSV_Handler
                0x080018f2        0x2 CMakeFiles/CLion_Demo.elf.dir/Core/Src/stm32f4xx_it.c.obj
                0x080018f2                PendSV_Handler
 .text.SysTick_Handler
                0x080018f4        0x8 CMakeFiles/CLion_Demo.elf.dir/Core/Src/stm32f4xx_it.c.obj
                0x080018f4                SysTick_Handler
 .text.USART1_IRQHandler
                0x080018fc       0x10 CMakeFiles/CLion_Demo.elf.dir/Core/Src/stm32f4xx_it.c.obj
                0x080018fc                USART1_IRQHandler
 .text._getpid  0x0800190c        0x4 CMakeFiles/CLion_Demo.elf.dir/Core/Src/syscalls.c.obj
                0x0800190c                _getpid
 .text._kill    0x08001910       0x10 CMakeFiles/CLion_Demo.elf.dir/Core/Src/syscalls.c.obj
                0x08001910                _kill
 .text._exit    0x08001920        0xc CMakeFiles/CLion_Demo.elf.dir/Core/Src/syscalls.c.obj
                0x08001920                _exit
 .text._read    0x0800192c       0x20 CMakeFiles/CLion_Demo.elf.dir/Core/Src/syscalls.c.obj
                0x0800192c                _read
 .text._write   0x0800194c       0x1c CMakeFiles/CLion_Demo.elf.dir/Core/Src/syscalls.c.obj
                0x0800194c                _write
 .text._close   0x08001968        0x6 CMakeFiles/CLion_Demo.elf.dir/Core/Src/syscalls.c.obj
                0x08001968                _close
 .text._fstat   0x0800196e        0xa CMakeFiles/CLion_Demo.elf.dir/Core/Src/syscalls.c.obj
                0x0800196e                _fstat
 .text._isatty  0x08001978        0x4 CMakeFiles/CLion_Demo.elf.dir/Core/Src/syscalls.c.obj
                0x08001978                _isatty
 .text._lseek   0x0800197c        0x4 CMakeFiles/CLion_Demo.elf.dir/Core/Src/syscalls.c.obj
                0x0800197c                _lseek
 .text._sbrk    0x08001980       0x48 CMakeFiles/CLion_Demo.elf.dir/Core/Src/sysmem.c.obj
                0x08001980                _sbrk
 .text.SystemInit
                0x080019c8        0x2 CMakeFiles/CLion_Demo.elf.dir/Core/Src/system_stm32f4xx.c.obj
                0x080019c8                SystemInit
 *fill*         0x080019ca        0x2 
 .text.__io_putchar
                0x080019cc       0x20 CMakeFiles/CLion_Demo.elf.dir/Core/Src/usart.c.obj
                0x080019cc                __io_putchar
 .text.MX_USART1_UART_Init
                0x080019ec       0x34 CMakeFiles/CLion_Demo.elf.dir/Core/Src/usart.c.obj
                0x080019ec                MX_USART1_UART_Init
 .text.HAL_UART_MspInit
                0x08001a20       0x80 CMakeFiles/CLion_Demo.elf.dir/Core/Src/usart.c.obj
                0x08001a20                HAL_UART_MspInit
 .text.Reset_Handler
                0x08001aa0       0x50 CMakeFiles/CLion_Demo.elf.dir/Core/Startup/startup_stm32f407zgtx.s.obj
                0x08001aa0                Reset_Handler
 .text.Default_Handler
                0x08001af0        0x2 CMakeFiles/CLion_Demo.elf.dir/Core/Startup/startup_stm32f407zgtx.s.obj
                0x08001af0                RTC_Alarm_IRQHandler
                0x08001af0                HASH_RNG_IRQHandler
                0x08001af0                EXTI2_IRQHandler
                0x08001af0                TIM8_CC_IRQHandler
                0x08001af0                TIM1_CC_IRQHandler
                0x08001af0                DMA2_Stream5_IRQHandler
                0x08001af0                DMA1_Stream5_IRQHandler
                0x08001af0                PVD_IRQHandler
                0x08001af0                SDIO_IRQHandler
                0x08001af0                TAMP_STAMP_IRQHandler
                0x08001af0                CAN2_RX1_IRQHandler
                0x08001af0                EXTI3_IRQHandler
                0x08001af0                TIM8_TRG_COM_TIM14_IRQHandler
                0x08001af0                TIM1_UP_TIM10_IRQHandler
                0x08001af0                TIM8_UP_TIM13_IRQHandler
                0x08001af0                I2C3_ER_IRQHandler
                0x08001af0                EXTI0_IRQHandler
                0x08001af0                I2C2_EV_IRQHandler
                0x08001af0                DMA1_Stream2_IRQHandler
                0x08001af0                CAN1_RX0_IRQHandler
                0x08001af0                FPU_IRQHandler
                0x08001af0                OTG_HS_WKUP_IRQHandler
                0x08001af0                CAN2_SCE_IRQHandler
                0x08001af0                DMA2_Stream2_IRQHandler
                0x08001af0                SPI1_IRQHandler
                0x08001af0                TIM6_DAC_IRQHandler
                0x08001af0                TIM1_BRK_TIM9_IRQHandler
                0x08001af0                DCMI_IRQHandler
                0x08001af0                CAN2_RX0_IRQHandler
                0x08001af0                DMA2_Stream3_IRQHandler
                0x08001af0                USART6_IRQHandler
                0x08001af0                USART3_IRQHandler
                0x08001af0                CAN1_RX1_IRQHandler
                0x08001af0                UART5_IRQHandler
                0x08001af0                DMA2_Stream0_IRQHandler
                0x08001af0                TIM4_IRQHandler
                0x08001af0                I2C1_EV_IRQHandler
                0x08001af0                DMA1_Stream6_IRQHandler
                0x08001af0                DMA1_Stream1_IRQHandler
                0x08001af0                UART4_IRQHandler
                0x08001af0                TIM3_IRQHandler
                0x08001af0                RCC_IRQHandler
                0x08001af0                TIM8_BRK_TIM12_IRQHandler
                0x08001af0                Default_Handler
                0x08001af0                EXTI15_10_IRQHandler
                0x08001af0                ADC_IRQHandler
                0x08001af0                DMA1_Stream7_IRQHandler
                0x08001af0                TIM7_IRQHandler
                0x08001af0                CAN2_TX_IRQHandler
                0x08001af0                TIM5_IRQHandler
                0x08001af0                DMA2_Stream7_IRQHandler
                0x08001af0                I2C3_EV_IRQHandler
                0x08001af0                EXTI9_5_IRQHandler
                0x08001af0                RTC_WKUP_IRQHandler
                0x08001af0                ETH_WKUP_IRQHandler
                0x08001af0                SPI2_IRQHandler
                0x08001af0                OTG_HS_EP1_IN_IRQHandler
                0x08001af0                DMA1_Stream0_IRQHandler
                0x08001af0                CAN1_TX_IRQHandler
                0x08001af0                EXTI4_IRQHandler
                0x08001af0                FSMC_IRQHandler
                0x08001af0                ETH_IRQHandler
                0x08001af0                OTG_HS_EP1_OUT_IRQHandler
                0x08001af0                WWDG_IRQHandler
                0x08001af0                TIM2_IRQHandler
                0x08001af0                OTG_FS_WKUP_IRQHandler
                0x08001af0                TIM1_TRG_COM_TIM11_IRQHandler
                0x08001af0                OTG_HS_IRQHandler
                0x08001af0                EXTI1_IRQHandler
                0x08001af0                USART2_IRQHandler
                0x08001af0                I2C2_ER_IRQHandler
                0x08001af0                DMA2_Stream1_IRQHandler
                0x08001af0                CAN1_SCE_IRQHandler
                0x08001af0                FLASH_IRQHandler
                0x08001af0                DMA2_Stream4_IRQHandler
                0x08001af0                OTG_FS_IRQHandler
                0x08001af0                SPI3_IRQHandler
                0x08001af0                DMA1_Stream4_IRQHandler
                0x08001af0                I2C1_ER_IRQHandler
                0x08001af0                DMA2_Stream6_IRQHandler
                0x08001af0                DMA1_Stream3_IRQHandler
 *fill*         0x08001af2        0x2 
 .text.HAL_InitTick
                0x08001af4       0x4c CMakeFiles/CLion_Demo.elf.dir/Drivers/STM32F4xx_HAL_Driver/Src/stm32f4xx_hal.c.obj
                0x08001af4                HAL_InitTick
 .text.HAL_Init
                0x08001b40       0x34 CMakeFiles/CLion_Demo.elf.dir/Drivers/STM32F4xx_HAL_Driver/Src/stm32f4xx_hal.c.obj
                0x08001b40                HAL_Init
 .text.HAL_IncTick
                0x08001b74       0x18 CMakeFiles/CLion_Demo.elf.dir/Drivers/STM32F4xx_HAL_Driver/Src/stm32f4xx_hal.c.obj
                0x08001b74                HAL_IncTick
 .text.HAL_GetTick
                0x08001b8c        0xc CMakeFiles/CLion_Demo.elf.dir/Drivers/STM32F4xx_HAL_Driver/Src/stm32f4xx_hal.c.obj
                0x08001b8c                HAL_GetTick
 .text.HAL_Delay
                0x08001b98       0x28 CMakeFiles/CLion_Demo.elf.dir/Drivers/STM32F4xx_HAL_Driver/Src/stm32f4xx_hal.c.obj
                0x08001b98                HAL_Delay
 .text.HAL_NVIC_SetPriorityGrouping
                0x08001bc0       0x24 CMakeFiles/CLion_Demo.elf.dir/Drivers/STM32F4xx_HAL_Driver/Src/stm32f4xx_hal_cortex.c.obj
                0x08001bc0                HAL_NVIC_SetPriorityGrouping
 .text.HAL_NVIC_SetPriority
                0x08001be4       0x70 CMakeFiles/CLion_Demo.elf.dir/Drivers/STM32F4xx_HAL_Driver/Src/stm32f4xx_hal_cortex.c.obj
                0x08001be4                HAL_NVIC_SetPriority
 .text.HAL_NVIC_EnableIRQ
                0x08001c54       0x1c CMakeFiles/CLion_Demo.elf.dir/Drivers/STM32F4xx_HAL_Driver/Src/stm32f4xx_hal_cortex.c.obj
                0x08001c54                HAL_NVIC_EnableIRQ
 .text.HAL_SYSTICK_Config
                0x08001c70       0x28 CMakeFiles/CLion_Demo.elf.dir/Drivers/STM32F4xx_HAL_Driver/Src/stm32f4xx_hal_cortex.c.obj
                0x08001c70                HAL_SYSTICK_Config
 .text.HAL_DMA_Abort
                0x08001c98       0x94 CMakeFiles/CLion_Demo.elf.dir/Drivers/STM32F4xx_HAL_Driver/Src/stm32f4xx_hal_dma.c.obj
                0x08001c98                HAL_DMA_Abort
 .text.HAL_DMA_Abort_IT
                0x08001d2c       0x26 CMakeFiles/CLion_Demo.elf.dir/Drivers/STM32F4xx_HAL_Driver/Src/stm32f4xx_hal_dma.c.obj
                0x08001d2c                HAL_DMA_Abort_IT
 *fill*         0x08001d52        0x2 
 .text.HAL_GPIO_Init
                0x08001d54      0x1e4 CMakeFiles/CLion_Demo.elf.dir/Drivers/STM32F4xx_HAL_Driver/Src/stm32f4xx_hal_gpio.c.obj
                0x08001d54                HAL_GPIO_Init
 .text.HAL_GPIO_WritePin
                0x08001f38        0xc CMakeFiles/CLion_Demo.elf.dir/Drivers/STM32F4xx_HAL_Driver/Src/stm32f4xx_hal_gpio.c.obj
                0x08001f38                HAL_GPIO_WritePin
 .text.HAL_GPIO_TogglePin
                0x08001f44       0x12 CMakeFiles/CLion_Demo.elf.dir/Drivers/STM32F4xx_HAL_Driver/Src/stm32f4xx_hal_gpio.c.obj
                0x08001f44                HAL_GPIO_TogglePin
 .text.I2C_IsAcknowledgeFailed
                0x08001f56       0x32 CMakeFiles/CLion_Demo.elf.dir/Drivers/STM32F4xx_HAL_Driver/Src/stm32f4xx_hal_i2c.c.obj
 .text.I2C_WaitOnFlagUntilTimeout
                0x08001f88       0x7c CMakeFiles/CLion_Demo.elf.dir/Drivers/STM32F4xx_HAL_Driver/Src/stm32f4xx_hal_i2c.c.obj
 .text.I2C_WaitOnMasterAddressFlagUntilTimeout
                0x08002004       0xaa CMakeFiles/CLion_Demo.elf.dir/Drivers/STM32F4xx_HAL_Driver/Src/stm32f4xx_hal_i2c.c.obj
 *fill*         0x080020ae        0x2 
 .text.I2C_MasterRequestWrite
                0x080020b0       0xb4 CMakeFiles/CLion_Demo.elf.dir/Drivers/STM32F4xx_HAL_Driver/Src/stm32f4xx_hal_i2c.c.obj
 .text.I2C_MasterRequestRead
                0x08002164      0x120 CMakeFiles/CLion_Demo.elf.dir/Drivers/STM32F4xx_HAL_Driver/Src/stm32f4xx_hal_i2c.c.obj
 .text.I2C_WaitOnTXEFlagUntilTimeout
                0x08002284       0x54 CMakeFiles/CLion_Demo.elf.dir/Drivers/STM32F4xx_HAL_Driver/Src/stm32f4xx_hal_i2c.c.obj
 .text.I2C_RequestMemoryWrite
                0x080022d8       0xd8 CMakeFiles/CLion_Demo.elf.dir/Drivers/STM32F4xx_HAL_Driver/Src/stm32f4xx_hal_i2c.c.obj
 .text.I2C_WaitOnBTFFlagUntilTimeout
                0x080023b0       0x54 CMakeFiles/CLion_Demo.elf.dir/Drivers/STM32F4xx_HAL_Driver/Src/stm32f4xx_hal_i2c.c.obj
 .text.I2C_WaitOnRXNEFlagUntilTimeout
                0x08002404       0x6a CMakeFiles/CLion_Demo.elf.dir/Drivers/STM32F4xx_HAL_Driver/Src/stm32f4xx_hal_i2c.c.obj
 *fill*         0x0800246e        0x2 
 .text.HAL_I2C_Init
                0x08002470      0x1bc CMakeFiles/CLion_Demo.elf.dir/Drivers/STM32F4xx_HAL_Driver/Src/stm32f4xx_hal_i2c.c.obj
                0x08002470                HAL_I2C_Init
 .text.HAL_I2C_Master_Transmit
                0x0800262c      0x178 CMakeFiles/CLion_Demo.elf.dir/Drivers/STM32F4xx_HAL_Driver/Src/stm32f4xx_hal_i2c.c.obj
                0x0800262c                HAL_I2C_Master_Transmit
 .text.HAL_I2C_Master_Receive
                0x080027a4      0x2e8 CMakeFiles/CLion_Demo.elf.dir/Drivers/STM32F4xx_HAL_Driver/Src/stm32f4xx_hal_i2c.c.obj
                0x080027a4                HAL_I2C_Master_Receive
 .text.HAL_I2C_Mem_Write
                0x08002a8c      0x164 CMakeFiles/CLion_Demo.elf.dir/Drivers/STM32F4xx_HAL_Driver/Src/stm32f4xx_hal_i2c.c.obj
                0x08002a8c                HAL_I2C_Mem_Write
 .text.HAL_I2C_GetState
                0x08002bf0        0x6 CMakeFiles/CLion_Demo.elf.dir/Drivers/STM32F4xx_HAL_Driver/Src/stm32f4xx_hal_i2c.c.obj
                0x08002bf0                HAL_I2C_GetState
 *fill*         0x08002bf6        0x2 
 .text.HAL_RCC_OscConfig
                0x08002bf8      0x3f8 CMakeFiles/CLion_Demo.elf.dir/Drivers/STM32F4xx_HAL_Driver/Src/stm32f4xx_hal_rcc.c.obj
                0x08002bf8                HAL_RCC_OscConfig
 .text.HAL_RCC_GetSysClockFreq
                0x08002ff0       0xc8 CMakeFiles/CLion_Demo.elf.dir/Drivers/STM32F4xx_HAL_Driver/Src/stm32f4xx_hal_rcc.c.obj
                0x08002ff0                HAL_RCC_GetSysClockFreq
 .text.HAL_RCC_ClockConfig
                0x080030b8      0x160 CMakeFiles/CLion_Demo.elf.dir/Drivers/STM32F4xx_HAL_Driver/Src/stm32f4xx_hal_rcc.c.obj
                0x080030b8                HAL_RCC_ClockConfig
 .text.HAL_RCC_GetHCLKFreq
                0x08003218        0xc CMakeFiles/CLion_Demo.elf.dir/Drivers/STM32F4xx_HAL_Driver/Src/stm32f4xx_hal_rcc.c.obj
                0x08003218                HAL_RCC_GetHCLKFreq
 .text.HAL_RCC_GetPCLK1Freq
                0x08003224       0x20 CMakeFiles/CLion_Demo.elf.dir/Drivers/STM32F4xx_HAL_Driver/Src/stm32f4xx_hal_rcc.c.obj
                0x08003224                HAL_RCC_GetPCLK1Freq
 .text.HAL_RCC_GetPCLK2Freq
                0x08003244       0x20 CMakeFiles/CLion_Demo.elf.dir/Drivers/STM32F4xx_HAL_Driver/Src/stm32f4xx_hal_rcc.c.obj
                0x08003244                HAL_RCC_GetPCLK2Freq
 .text.UART_EndRxTransfer
                0x08003264       0x5c CMakeFiles/CLion_Demo.elf.dir/Drivers/STM32F4xx_HAL_Driver/Src/stm32f4xx_hal_uart.c.obj
 .text.UART_Transmit_IT
                0x080032c0       0x60 CMakeFiles/CLion_Demo.elf.dir/Drivers/STM32F4xx_HAL_Driver/Src/stm32f4xx_hal_uart.c.obj
 .text.UART_SetConfig
                0x08003320      0x110 CMakeFiles/CLion_Demo.elf.dir/Drivers/STM32F4xx_HAL_Driver/Src/stm32f4xx_hal_uart.c.obj
 .text.UART_WaitOnFlagUntilTimeout
                0x08003430       0x88 CMakeFiles/CLion_Demo.elf.dir/Drivers/STM32F4xx_HAL_Driver/Src/stm32f4xx_hal_uart.c.obj
 .text.HAL_UART_Init
                0x080034b8       0x5e CMakeFiles/CLion_Demo.elf.dir/Drivers/STM32F4xx_HAL_Driver/Src/stm32f4xx_hal_uart.c.obj
                0x080034b8                HAL_UART_Init
 .text.HAL_UART_Transmit
                0x08003516       0xd8 CMakeFiles/CLion_Demo.elf.dir/Drivers/STM32F4xx_HAL_Driver/Src/stm32f4xx_hal_uart.c.obj
                0x08003516                HAL_UART_Transmit
 .text.HAL_UART_TxCpltCallback
                0x080035ee        0x2 CMakeFiles/CLion_Demo.elf.dir/Drivers/STM32F4xx_HAL_Driver/Src/stm32f4xx_hal_uart.c.obj
                0x080035ee                HAL_UART_TxCpltCallback
 .text.UART_EndTransmit_IT
                0x080035f0       0x1a CMakeFiles/CLion_Demo.elf.dir/Drivers/STM32F4xx_HAL_Driver/Src/stm32f4xx_hal_uart.c.obj
 .text.HAL_UART_RxCpltCallback
                0x0800360a        0x2 CMakeFiles/CLion_Demo.elf.dir/Drivers/STM32F4xx_HAL_Driver/Src/stm32f4xx_hal_uart.c.obj
                0x0800360a                HAL_UART_RxCpltCallback
 .text.HAL_UART_ErrorCallback
                0x0800360c        0x2 CMakeFiles/CLion_Demo.elf.dir/Drivers/STM32F4xx_HAL_Driver/Src/stm32f4xx_hal_uart.c.obj
                0x0800360c                HAL_UART_ErrorCallback
 .text.UART_DMAAbortOnError
                0x0800360e       0x10 CMakeFiles/CLion_Demo.elf.dir/Drivers/STM32F4xx_HAL_Driver/Src/stm32f4xx_hal_uart.c.obj
 .text.HAL_UARTEx_RxEventCallback
                0x0800361e        0x2 CMakeFiles/CLion_Demo.elf.dir/Drivers/STM32F4xx_HAL_Driver/Src/stm32f4xx_hal_uart.c.obj
                0x0800361e                HAL_UARTEx_RxEventCallback
 .text.UART_Receive_IT
                0x08003620       0xe2 CMakeFiles/CLion_Demo.elf.dir/Drivers/STM32F4xx_HAL_Driver/Src/stm32f4xx_hal_uart.c.obj
 *fill*         0x08003702        0x2 
 .text.HAL_UART_IRQHandler
                0x08003704      0x280 CMakeFiles/CLion_Demo.elf.dir/Drivers/STM32F4xx_HAL_Driver/Src/stm32f4xx_hal_uart.c.obj
                0x08003704                HAL_UART_IRQHandler
 .text.__errno  0x08003984        0xc d:/stm32cubemx/gcc-arm-none-eabi-10.3-2021.10/bin/../lib/gcc/arm-none-eabi/10.3.1/../../../../arm-none-eabi/lib/thumb/v7e-m/nofp\libg.a(lib_a-errno.o)
                0x08003984                __errno
 .text.__libc_init_array
                0x08003990       0x48 d:/stm32cubemx/gcc-arm-none-eabi-10.3-2021.10/bin/../lib/gcc/arm-none-eabi/10.3.1/../../../../arm-none-eabi/lib/thumb/v7e-m/nofp\libg.a(lib_a-init.o)
                0x08003990                __libc_init_array
 .text.memset   0x080039d8       0xa4 d:/stm32cubemx/gcc-arm-none-eabi-10.3-2021.10/bin/../lib/gcc/arm-none-eabi/10.3.1/../../../../arm-none-eabi/lib/thumb/v7e-m/nofp\libg.a(lib_a-memset.o)
                0x080039d8                memset
 .text.printf   0x08003a7c       0x28 d:/stm32cubemx/gcc-arm-none-eabi-10.3-2021.10/bin/../lib/gcc/arm-none-eabi/10.3.1/../../../../arm-none-eabi/lib/thumb/v7e-m/nofp\libg.a(lib_a-printf.o)
                0x08003a7c                printf
 .text._puts_r  0x08003aa4       0x9c d:/stm32cubemx/gcc-arm-none-eabi-10.3-2021.10/bin/../lib/gcc/arm-none-eabi/10.3.1/../../../../arm-none-eabi/lib/thumb/v7e-m/nofp\libg.a(lib_a-puts.o)
                0x08003aa4                _puts_r
 .text.puts     0x08003b40       0x10 d:/stm32cubemx/gcc-arm-none-eabi-10.3-2021.10/bin/../lib/gcc/arm-none-eabi/10.3.1/../../../../arm-none-eabi/lib/thumb/v7e-m/nofp\libg.a(lib_a-puts.o)
                0x08003b40                puts
 .text.sprintf  0x08003b50       0x40 d:/stm32cubemx/gcc-arm-none-eabi-10.3-2021.10/bin/../lib/gcc/arm-none-eabi/10.3.1/../../../../arm-none-eabi/lib/thumb/v7e-m/nofp\libg.a(lib_a-sprintf.o)
                0x08003b50                sprintf
 .text._svfprintf_r
                0x08003b90     0x1a3c d:/stm32cubemx/gcc-arm-none-eabi-10.3-2021.10/bin/../lib/gcc/arm-none-eabi/10.3.1/../../../../arm-none-eabi/lib/thumb/v7e-m/nofp\libg.a(lib_a-svfprintf.o)
                0x08003b90                _svfprintf_r
 .text._vfprintf_r
                0x080055cc     0x1ad4 d:/stm32cubemx/gcc-arm-none-eabi-10.3-2021.10/bin/../lib/gcc/arm-none-eabi/10.3.1/../../../../arm-none-eabi/lib/thumb/v7e-m/nofp\libg.a(lib_a-vfprintf.o)
                0x080055cc                _vfprintf_r
 .text.__sbprintf
                0x080070a0       0x80 d:/stm32cubemx/gcc-arm-none-eabi-10.3-2021.10/bin/../lib/gcc/arm-none-eabi/10.3.1/../../../../arm-none-eabi/lib/thumb/v7e-m/nofp\libg.a(lib_a-vfprintf.o)
 .text.__swsetup_r
                0x08007120       0xd4 d:/stm32cubemx/gcc-arm-none-eabi-10.3-2021.10/bin/../lib/gcc/arm-none-eabi/10.3.1/../../../../arm-none-eabi/lib/thumb/v7e-m/nofp\libg.a(lib_a-wsetup.o)
                0x08007120                __swsetup_r
 .text.startup.register_fini
                0x080071f4       0x14 d:/stm32cubemx/gcc-arm-none-eabi-10.3-2021.10/bin/../lib/gcc/arm-none-eabi/10.3.1/../../../../arm-none-eabi/lib/thumb/v7e-m/nofp\libg.a(lib_a-__call_atexit.o)
 .text.atexit   0x08007208        0xc d:/stm32cubemx/gcc-arm-none-eabi-10.3-2021.10/bin/../lib/gcc/arm-none-eabi/10.3.1/../../../../arm-none-eabi/lib/thumb/v7e-m/nofp\libg.a(lib_a-atexit.o)
                0x08007208                atexit
 .text.quorem   0x08007214      0x124 d:/stm32cubemx/gcc-arm-none-eabi-10.3-2021.10/bin/../lib/gcc/arm-none-eabi/10.3.1/../../../../arm-none-eabi/lib/thumb/v7e-m/nofp\libg.a(lib_a-dtoa.o)
 .text._dtoa_r  0x08007338      0xec4 d:/stm32cubemx/gcc-arm-none-eabi-10.3-2021.10/bin/../lib/gcc/arm-none-eabi/10.3.1/../../../../arm-none-eabi/lib/thumb/v7e-m/nofp\libg.a(lib_a-dtoa.o)
                0x08007338                _dtoa_r
 .text.__sflush_r
                0x080081fc      0x120 d:/stm32cubemx/gcc-arm-none-eabi-10.3-2021.10/bin/../lib/gcc/arm-none-eabi/10.3.1/../../../../arm-none-eabi/lib/thumb/v7e-m/nofp\libg.a(lib_a-fflush.o)
                0x080081fc                __sflush_r
 .text._fflush_r
                0x0800831c       0x5c d:/stm32cubemx/gcc-arm-none-eabi-10.3-2021.10/bin/../lib/gcc/arm-none-eabi/10.3.1/../../../../arm-none-eabi/lib/thumb/v7e-m/nofp\libg.a(lib_a-fflush.o)
                0x0800831c                _fflush_r
 .text._cleanup_r
                0x08008378        0xc d:/stm32cubemx/gcc-arm-none-eabi-10.3-2021.10/bin/../lib/gcc/arm-none-eabi/10.3.1/../../../../arm-none-eabi/lib/thumb/v7e-m/nofp\libg.a(lib_a-findfp.o)
                0x08008378                _cleanup_r
 .text.__sinit  0x08008384      0x10c d:/stm32cubemx/gcc-arm-none-eabi-10.3-2021.10/bin/../lib/gcc/arm-none-eabi/10.3.1/../../../../arm-none-eabi/lib/thumb/v7e-m/nofp\libg.a(lib_a-findfp.o)
                0x08008384                __sinit
 .text.__sfp_lock_acquire
                0x08008490        0xc d:/stm32cubemx/gcc-arm-none-eabi-10.3-2021.10/bin/../lib/gcc/arm-none-eabi/10.3.1/../../../../arm-none-eabi/lib/thumb/v7e-m/nofp\libg.a(lib_a-findfp.o)
                0x08008490                __sfp_lock_acquire
 .text.__sfp_lock_release
                0x0800849c        0xc d:/stm32cubemx/gcc-arm-none-eabi-10.3-2021.10/bin/../lib/gcc/arm-none-eabi/10.3.1/../../../../arm-none-eabi/lib/thumb/v7e-m/nofp\libg.a(lib_a-findfp.o)
                0x0800849c                __sfp_lock_release
 .text.__libc_fini_array
                0x080084a8       0x2c d:/stm32cubemx/gcc-arm-none-eabi-10.3-2021.10/bin/../lib/gcc/arm-none-eabi/10.3.1/../../../../arm-none-eabi/lib/thumb/v7e-m/nofp\libg.a(lib_a-fini.o)
                0x080084a8                __libc_fini_array
 .text._malloc_trim_r
                0x080084d4       0xa0 d:/stm32cubemx/gcc-arm-none-eabi-10.3-2021.10/bin/../lib/gcc/arm-none-eabi/10.3.1/../../../../arm-none-eabi/lib/thumb/v7e-m/nofp\libg.a(lib_a-freer.o)
                0x080084d4                _malloc_trim_r
 .text._free_r  0x08008574      0x20c d:/stm32cubemx/gcc-arm-none-eabi-10.3-2021.10/bin/../lib/gcc/arm-none-eabi/10.3.1/../../../../arm-none-eabi/lib/thumb/v7e-m/nofp\libg.a(lib_a-freer.o)
                0x08008574                _free_r
 .text.__sfvwrite_r
                0x08008780      0x2e8 d:/stm32cubemx/gcc-arm-none-eabi-10.3-2021.10/bin/../lib/gcc/arm-none-eabi/10.3.1/../../../../arm-none-eabi/lib/thumb/v7e-m/nofp\libg.a(lib_a-fvwrite.o)
                0x08008780                __sfvwrite_r
 .text._fwalk_reent
                0x08008a68       0x48 d:/stm32cubemx/gcc-arm-none-eabi-10.3-2021.10/bin/../lib/gcc/arm-none-eabi/10.3.1/../../../../arm-none-eabi/lib/thumb/v7e-m/nofp\libg.a(lib_a-fwalk.o)
                0x08008a68                _fwalk_reent
 .text._localeconv_r
                0x08008ab0        0x8 d:/stm32cubemx/gcc-arm-none-eabi-10.3-2021.10/bin/../lib/gcc/arm-none-eabi/10.3.1/../../../../arm-none-eabi/lib/thumb/v7e-m/nofp\libg.a(lib_a-localeconv.o)
                0x08008ab0                _localeconv_r
 .text.__retarget_lock_init_recursive
                0x08008ab8        0x4 d:/stm32cubemx/gcc-arm-none-eabi-10.3-2021.10/bin/../lib/gcc/arm-none-eabi/10.3.1/../../../../arm-none-eabi/lib/thumb/v7e-m/nofp\libg.a(lib_a-lock.o)
                0x08008ab8                __retarget_lock_init_recursive
 .text.__retarget_lock_close_recursive
                0x08008abc        0x4 d:/stm32cubemx/gcc-arm-none-eabi-10.3-2021.10/bin/../lib/gcc/arm-none-eabi/10.3.1/../../../../arm-none-eabi/lib/thumb/v7e-m/nofp\libg.a(lib_a-lock.o)
                0x08008abc                __retarget_lock_close_recursive
 .text.__retarget_lock_acquire_recursive
                0x08008ac0        0x4 d:/stm32cubemx/gcc-arm-none-eabi-10.3-2021.10/bin/../lib/gcc/arm-none-eabi/10.3.1/../../../../arm-none-eabi/lib/thumb/v7e-m/nofp\libg.a(lib_a-lock.o)
                0x08008ac0                __retarget_lock_acquire_recursive
 .text.__retarget_lock_release_recursive
                0x08008ac4        0x4 d:/stm32cubemx/gcc-arm-none-eabi-10.3-2021.10/bin/../lib/gcc/arm-none-eabi/10.3.1/../../../../arm-none-eabi/lib/thumb/v7e-m/nofp\libg.a(lib_a-lock.o)
                0x08008ac4                __retarget_lock_release_recursive
 .text.__smakebuf_r
                0x08008ac8       0xe0 d:/stm32cubemx/gcc-arm-none-eabi-10.3-2021.10/bin/../lib/gcc/arm-none-eabi/10.3.1/../../../../arm-none-eabi/lib/thumb/v7e-m/nofp\libg.a(lib_a-makebuf.o)
                0x08008ac8                __smakebuf_r
 .text._malloc_r
                0x08008ba8      0x560 d:/stm32cubemx/gcc-arm-none-eabi-10.3-2021.10/bin/../lib/gcc/arm-none-eabi/10.3.1/../../../../arm-none-eabi/lib/thumb/v7e-m/nofp\libg.a(lib_a-mallocr.o)
                0x08008ba8                _malloc_r
 .text.memmove  0x08009108       0xf8 d:/stm32cubemx/gcc-arm-none-eabi-10.3-2021.10/bin/../lib/gcc/arm-none-eabi/10.3.1/../../../../arm-none-eabi/lib/thumb/v7e-m/nofp\libg.a(lib_a-memmove.o)
                0x08009108                memmove
 .text.__malloc_lock
                0x08009200        0xc d:/stm32cubemx/gcc-arm-none-eabi-10.3-2021.10/bin/../lib/gcc/arm-none-eabi/10.3.1/../../../../arm-none-eabi/lib/thumb/v7e-m/nofp\libg.a(lib_a-mlock.o)
                0x08009200                __malloc_lock
 .text.__malloc_unlock
                0x0800920c        0xc d:/stm32cubemx/gcc-arm-none-eabi-10.3-2021.10/bin/../lib/gcc/arm-none-eabi/10.3.1/../../../../arm-none-eabi/lib/thumb/v7e-m/nofp\libg.a(lib_a-mlock.o)
                0x0800920c                __malloc_unlock
 .text._Balloc  0x08009218       0x4c d:/stm32cubemx/gcc-arm-none-eabi-10.3-2021.10/bin/../lib/gcc/arm-none-eabi/10.3.1/../../../../arm-none-eabi/lib/thumb/v7e-m/nofp\libg.a(lib_a-mprec.o)
                0x08009218                _Balloc
 .text._Bfree   0x08009264       0x14 d:/stm32cubemx/gcc-arm-none-eabi-10.3-2021.10/bin/../lib/gcc/arm-none-eabi/10.3.1/../../../../arm-none-eabi/lib/thumb/v7e-m/nofp\libg.a(lib_a-mprec.o)
                0x08009264                _Bfree
 .text.__multadd
                0x08009278       0xa0 d:/stm32cubemx/gcc-arm-none-eabi-10.3-2021.10/bin/../lib/gcc/arm-none-eabi/10.3.1/../../../../arm-none-eabi/lib/thumb/v7e-m/nofp\libg.a(lib_a-mprec.o)
                0x08009278                __multadd
 .text.__hi0bits
                0x08009318       0x40 d:/stm32cubemx/gcc-arm-none-eabi-10.3-2021.10/bin/../lib/gcc/arm-none-eabi/10.3.1/../../../../arm-none-eabi/lib/thumb/v7e-m/nofp\libg.a(lib_a-mprec.o)
                0x08009318                __hi0bits
 .text.__lo0bits
                0x08009358       0x5c d:/stm32cubemx/gcc-arm-none-eabi-10.3-2021.10/bin/../lib/gcc/arm-none-eabi/10.3.1/../../../../arm-none-eabi/lib/thumb/v7e-m/nofp\libg.a(lib_a-mprec.o)
                0x08009358                __lo0bits
 .text.__i2b    0x080093b4       0x5c d:/stm32cubemx/gcc-arm-none-eabi-10.3-2021.10/bin/../lib/gcc/arm-none-eabi/10.3.1/../../../../arm-none-eabi/lib/thumb/v7e-m/nofp\libg.a(lib_a-mprec.o)
                0x080093b4                __i2b
 .text.__multiply
                0x08009410      0x15c d:/stm32cubemx/gcc-arm-none-eabi-10.3-2021.10/bin/../lib/gcc/arm-none-eabi/10.3.1/../../../../arm-none-eabi/lib/thumb/v7e-m/nofp\libg.a(lib_a-mprec.o)
                0x08009410                __multiply
 .text.__pow5mult
                0x0800956c       0xc0 d:/stm32cubemx/gcc-arm-none-eabi-10.3-2021.10/bin/../lib/gcc/arm-none-eabi/10.3.1/../../../../arm-none-eabi/lib/thumb/v7e-m/nofp\libg.a(lib_a-mprec.o)
                0x0800956c                __pow5mult
 .text.__lshift
                0x0800962c       0xf0 d:/stm32cubemx/gcc-arm-none-eabi-10.3-2021.10/bin/../lib/gcc/arm-none-eabi/10.3.1/../../../../arm-none-eabi/lib/thumb/v7e-m/nofp\libg.a(lib_a-mprec.o)
                0x0800962c                __lshift
 .text.__mcmp   0x0800971c       0x40 d:/stm32cubemx/gcc-arm-none-eabi-10.3-2021.10/bin/../lib/gcc/arm-none-eabi/10.3.1/../../../../arm-none-eabi/lib/thumb/v7e-m/nofp\libg.a(lib_a-mprec.o)
                0x0800971c                __mcmp
 .text.__mdiff  0x0800975c      0x14c d:/stm32cubemx/gcc-arm-none-eabi-10.3-2021.10/bin/../lib/gcc/arm-none-eabi/10.3.1/../../../../arm-none-eabi/lib/thumb/v7e-m/nofp\libg.a(lib_a-mprec.o)
                0x0800975c                __mdiff
 .text.__d2b    0x080098a8       0xc4 d:/stm32cubemx/gcc-arm-none-eabi-10.3-2021.10/bin/../lib/gcc/arm-none-eabi/10.3.1/../../../../arm-none-eabi/lib/thumb/v7e-m/nofp\libg.a(lib_a-mprec.o)
                0x080098a8                __d2b
 .text._realloc_r
                0x0800996c      0x3d8 d:/stm32cubemx/gcc-arm-none-eabi-10.3-2021.10/bin/../lib/gcc/arm-none-eabi/10.3.1/../../../../arm-none-eabi/lib/thumb/v7e-m/nofp\libg.a(lib_a-reallocr.o)
                0x0800996c                _realloc_r
 .text.frexp    0x08009d44       0x70 d:/stm32cubemx/gcc-arm-none-eabi-10.3-2021.10/bin/../lib/gcc/arm-none-eabi/10.3.1/../../../../arm-none-eabi/lib/thumb/v7e-m/nofp\libg.a(lib_a-s_frexp.o)
                0x08009d44                frexp
 .text._sbrk_r  0x08009db4       0x24 d:/stm32cubemx/gcc-arm-none-eabi-10.3-2021.10/bin/../lib/gcc/arm-none-eabi/10.3.1/../../../../arm-none-eabi/lib/thumb/v7e-m/nofp\libg.a(lib_a-sbrkr.o)
                0x08009db4                _sbrk_r
 .text.__sread  0x08009dd8       0x24 d:/stm32cubemx/gcc-arm-none-eabi-10.3-2021.10/bin/../lib/gcc/arm-none-eabi/10.3.1/../../../../arm-none-eabi/lib/thumb/v7e-m/nofp\libg.a(lib_a-stdio.o)
                0x08009dd8                __sread
 .text.__swrite
                0x08009dfc       0x40 d:/stm32cubemx/gcc-arm-none-eabi-10.3-2021.10/bin/../lib/gcc/arm-none-eabi/10.3.1/../../../../arm-none-eabi/lib/thumb/v7e-m/nofp\libg.a(lib_a-stdio.o)
                0x08009dfc                __swrite
 .text.__sseek  0x08009e3c       0x20 d:/stm32cubemx/gcc-arm-none-eabi-10.3-2021.10/bin/../lib/gcc/arm-none-eabi/10.3.1/../../../../arm-none-eabi/lib/thumb/v7e-m/nofp\libg.a(lib_a-stdio.o)
                0x08009e3c                __sseek
 .text.__sclose
                0x08009e5c        0x8 d:/stm32cubemx/gcc-arm-none-eabi-10.3-2021.10/bin/../lib/gcc/arm-none-eabi/10.3.1/../../../../arm-none-eabi/lib/thumb/v7e-m/nofp\libg.a(lib_a-stdio.o)
                0x08009e5c                __sclose
 .text.strncpy  0x08009e64       0x64 d:/stm32cubemx/gcc-arm-none-eabi-10.3-2021.10/bin/../lib/gcc/arm-none-eabi/10.3.1/../../../../arm-none-eabi/lib/thumb/v7e-m/nofp\libg.a(lib_a-strncpy.o)
                0x08009e64                strncpy
 .text.__ssprint_r
                0x08009ec8       0xf8 d:/stm32cubemx/gcc-arm-none-eabi-10.3-2021.10/bin/../lib/gcc/arm-none-eabi/10.3.1/../../../../arm-none-eabi/lib/thumb/v7e-m/nofp\libg.a(lib_a-svfiprintf.o)
                0x08009ec8                __ssprint_r
 .text.__sprint_r.part.0
                0x08009fc0       0x78 d:/stm32cubemx/gcc-arm-none-eabi-10.3-2021.10/bin/../lib/gcc/arm-none-eabi/10.3.1/../../../../arm-none-eabi/lib/thumb/v7e-m/nofp\libg.a(lib_a-vfiprintf.o)
 .text.__sprint_r
                0x0800a038       0x14 d:/stm32cubemx/gcc-arm-none-eabi-10.3-2021.10/bin/../lib/gcc/arm-none-eabi/10.3.1/../../../../arm-none-eabi/lib/thumb/v7e-m/nofp\libg.a(lib_a-vfiprintf.o)
                0x0800a038                __sprint_r
 .text._vfiprintf_r
                0x0800a04c      0xda0 d:/stm32cubemx/gcc-arm-none-eabi-10.3-2021.10/bin/../lib/gcc/arm-none-eabi/10.3.1/../../../../arm-none-eabi/lib/thumb/v7e-m/nofp\libg.a(lib_a-vfiprintf.o)
                0x0800a04c                _vfiprintf_r
 .text.__sbprintf
                0x0800adec       0x80 d:/stm32cubemx/gcc-arm-none-eabi-10.3-2021.10/bin/../lib/gcc/arm-none-eabi/10.3.1/../../../../arm-none-eabi/lib/thumb/v7e-m/nofp\libg.a(lib_a-vfiprintf.o)
 .text._write_r
                0x0800ae6c       0x2c d:/stm32cubemx/gcc-arm-none-eabi-10.3-2021.10/bin/../lib/gcc/arm-none-eabi/10.3.1/../../../../arm-none-eabi/lib/thumb/v7e-m/nofp\libg.a(lib_a-writer.o)
                0x0800ae6c                _write_r
 .text.__register_exitproc
                0x0800ae98       0x8c d:/stm32cubemx/gcc-arm-none-eabi-10.3-2021.10/bin/../lib/gcc/arm-none-eabi/10.3.1/../../../../arm-none-eabi/lib/thumb/v7e-m/nofp\libg.a(lib_a-__atexit.o)
                0x0800ae98                __register_exitproc
 .text.__assert_func
                0x0800af24       0x40 d:/stm32cubemx/gcc-arm-none-eabi-10.3-2021.10/bin/../lib/gcc/arm-none-eabi/10.3.1/../../../../arm-none-eabi/lib/thumb/v7e-m/nofp\libg.a(lib_a-assert.o)
                0x0800af24                __assert_func
 .text._calloc_r
                0x0800af64       0x78 d:/stm32cubemx/gcc-arm-none-eabi-10.3-2021.10/bin/../lib/gcc/arm-none-eabi/10.3.1/../../../../arm-none-eabi/lib/thumb/v7e-m/nofp\libg.a(lib_a-callocr.o)
                0x0800af64                _calloc_r
 .text._close_r
                0x0800afdc       0x24 d:/stm32cubemx/gcc-arm-none-eabi-10.3-2021.10/bin/../lib/gcc/arm-none-eabi/10.3.1/../../../../arm-none-eabi/lib/thumb/v7e-m/nofp\libg.a(lib_a-closer.o)
                0x0800afdc                _close_r
 .text._fclose_r
                0x0800b000       0xcc d:/stm32cubemx/gcc-arm-none-eabi-10.3-2021.10/bin/../lib/gcc/arm-none-eabi/10.3.1/../../../../arm-none-eabi/lib/thumb/v7e-m/nofp\libg.a(lib_a-fclose.o)
                0x0800b000                _fclose_r
 .text.fiprintf
                0x0800b0cc       0x28 d:/stm32cubemx/gcc-arm-none-eabi-10.3-2021.10/bin/../lib/gcc/arm-none-eabi/10.3.1/../../../../arm-none-eabi/lib/thumb/v7e-m/nofp\libg.a(lib_a-fiprintf.o)
                0x0800b0cc                fiprintf
 .text.__fputwc
                0x0800b0f4       0xa8 d:/stm32cubemx/gcc-arm-none-eabi-10.3-2021.10/bin/../lib/gcc/arm-none-eabi/10.3.1/../../../../arm-none-eabi/lib/thumb/v7e-m/nofp\libg.a(lib_a-fputwc.o)
                0x0800b0f4                __fputwc
 .text._fputwc_r
                0x0800b19c       0x68 d:/stm32cubemx/gcc-arm-none-eabi-10.3-2021.10/bin/../lib/gcc/arm-none-eabi/10.3.1/../../../../arm-none-eabi/lib/thumb/v7e-m/nofp\libg.a(lib_a-fputwc.o)
                0x0800b19c                _fputwc_r
 .text._fstat_r
                0x0800b204       0x2c d:/stm32cubemx/gcc-arm-none-eabi-10.3-2021.10/bin/../lib/gcc/arm-none-eabi/10.3.1/../../../../arm-none-eabi/lib/thumb/v7e-m/nofp\libg.a(lib_a-fstatr.o)
                0x0800b204                _fstat_r
 .text._isatty_r
                0x0800b230       0x24 d:/stm32cubemx/gcc-arm-none-eabi-10.3-2021.10/bin/../lib/gcc/arm-none-eabi/10.3.1/../../../../arm-none-eabi/lib/thumb/v7e-m/nofp\libg.a(lib_a-isattyr.o)
                0x0800b230                _isatty_r
 .text.__locale_mb_cur_max
                0x0800b254        0xc d:/stm32cubemx/gcc-arm-none-eabi-10.3-2021.10/bin/../lib/gcc/arm-none-eabi/10.3.1/../../../../arm-none-eabi/lib/thumb/v7e-m/nofp\libg.a(lib_a-locale.o)
                0x0800b254                __locale_mb_cur_max
 .text._lseek_r
                0x0800b260       0x2c d:/stm32cubemx/gcc-arm-none-eabi-10.3-2021.10/bin/../lib/gcc/arm-none-eabi/10.3.1/../../../../arm-none-eabi/lib/thumb/v7e-m/nofp\libg.a(lib_a-lseekr.o)
                0x0800b260                _lseek_r
 .text.__ascii_mbtowc
                0x0800b28c       0x2c d:/stm32cubemx/gcc-arm-none-eabi-10.3-2021.10/bin/../lib/gcc/arm-none-eabi/10.3.1/../../../../arm-none-eabi/lib/thumb/v7e-m/nofp\libg.a(lib_a-mbtowc_r.o)
                0x0800b28c                __ascii_mbtowc
 .text._read_r  0x0800b2b8       0x2c d:/stm32cubemx/gcc-arm-none-eabi-10.3-2021.10/bin/../lib/gcc/arm-none-eabi/10.3.1/../../../../arm-none-eabi/lib/thumb/v7e-m/nofp\libg.a(lib_a-readr.o)
                0x0800b2b8                _read_r
 .text.__swbuf_r
                0x0800b2e4       0xb0 d:/stm32cubemx/gcc-arm-none-eabi-10.3-2021.10/bin/../lib/gcc/arm-none-eabi/10.3.1/../../../../arm-none-eabi/lib/thumb/v7e-m/nofp\libg.a(lib_a-wbuf.o)
                0x0800b2e4                __swbuf_r
 .text._wcrtomb_r
                0x0800b394       0x3c d:/stm32cubemx/gcc-arm-none-eabi-10.3-2021.10/bin/../lib/gcc/arm-none-eabi/10.3.1/../../../../arm-none-eabi/lib/thumb/v7e-m/nofp\libg.a(lib_a-wcrtomb.o)
                0x0800b394                _wcrtomb_r
 .text.__ascii_wctomb
                0x0800b3d0       0x1c d:/stm32cubemx/gcc-arm-none-eabi-10.3-2021.10/bin/../lib/gcc/arm-none-eabi/10.3.1/../../../../arm-none-eabi/lib/thumb/v7e-m/nofp\libg.a(lib_a-wctomb_r.o)
                0x0800b3d0                __ascii_wctomb
 .text.abort    0x0800b3ec       0x10 d:/stm32cubemx/gcc-arm-none-eabi-10.3-2021.10/bin/../lib/gcc/arm-none-eabi/10.3.1/../../../../arm-none-eabi/lib/thumb/v7e-m/nofp\libg.a(lib_a-abort.o)
                0x0800b3ec                abort
 .text.raise    0x0800b3fc       0x5c d:/stm32cubemx/gcc-arm-none-eabi-10.3-2021.10/bin/../lib/gcc/arm-none-eabi/10.3.1/../../../../arm-none-eabi/lib/thumb/v7e-m/nofp\libg.a(lib_a-signal.o)
                0x0800b3fc                raise
 .text._kill_r  0x0800b458       0x2c d:/stm32cubemx/gcc-arm-none-eabi-10.3-2021.10/bin/../lib/gcc/arm-none-eabi/10.3.1/../../../../arm-none-eabi/lib/thumb/v7e-m/nofp\libg.a(lib_a-signalr.o)
                0x0800b458                _kill_r
 .text._getpid_r
                0x0800b484        0x4 d:/stm32cubemx/gcc-arm-none-eabi-10.3-2021.10/bin/../lib/gcc/arm-none-eabi/10.3.1/../../../../arm-none-eabi/lib/thumb/v7e-m/nofp\libg.a(lib_a-signalr.o)
                0x0800b484                _getpid_r
 *(.glue_7)
 .glue_7        0x0800b488        0x0 linker stubs
 *(.glue_7t)
 .glue_7t       0x0800b488        0x0 linker stubs
 *(.eh_frame)
 .eh_frame      0x0800b488        0x0 d:/stm32cubemx/gcc-arm-none-eabi-10.3-2021.10/bin/../lib/gcc/arm-none-eabi/10.3.1/thumb/v7e-m/nofp/crtbegin.o
 *(.init)
 .init          0x0800b488        0x4 d:/stm32cubemx/gcc-arm-none-eabi-10.3-2021.10/bin/../lib/gcc/arm-none-eabi/10.3.1/thumb/v7e-m/nofp/crti.o
                0x0800b488                _init
 .init          0x0800b48c        0x8 d:/stm32cubemx/gcc-arm-none-eabi-10.3-2021.10/bin/../lib/gcc/arm-none-eabi/10.3.1/thumb/v7e-m/nofp/crtn.o
 *(.fini)
 .fini          0x0800b494        0x4 d:/stm32cubemx/gcc-arm-none-eabi-10.3-2021.10/bin/../lib/gcc/arm-none-eabi/10.3.1/thumb/v7e-m/nofp/crti.o
                0x0800b494                _fini
 .fini          0x0800b498        0x8 d:/stm32cubemx/gcc-arm-none-eabi-10.3-2021.10/bin/../lib/gcc/arm-none-eabi/10.3.1/thumb/v7e-m/nofp/crtn.o
                0x0800b4a0                . = ALIGN (0x4)
                0x0800b4a0                _etext = .

.vfp11_veneer   0x0800b4a0        0x0
 .vfp11_veneer  0x0800b4a0        0x0 linker stubs

.v4_bx          0x0800b4a0        0x0
 .v4_bx         0x0800b4a0        0x0 linker stubs

.iplt           0x0800b4a0        0x0
 .iplt          0x0800b4a0        0x0 d:/stm32cubemx/gcc-arm-none-eabi-10.3-2021.10/bin/../lib/gcc/arm-none-eabi/10.3.1/thumb/v7e-m/nofp/crtbegin.o

.rodata         0x0800b4a0      0xcd0
                0x0800b4a0                . = ALIGN (0x4)
 *(.rodata)
 *(.rodata*)
 .rodata.main.str1.4
                0x0800b4a0       0x18 CMakeFiles/CLion_Demo.elf.dir/Core/Src/main.c.obj
 .rodata.F6x8   0x0800b4b8      0x228 CMakeFiles/CLion_Demo.elf.dir/Core/Src/oled.c.obj
                0x0800b4b8                F6x8
 .rodata.F8X16  0x0800b6e0      0x5f0 CMakeFiles/CLion_Demo.elf.dir/Core/Src/oled.c.obj
                0x0800b6e0                F8X16
 .rodata.I2C_TIMEOUT_UserCallback.str1.4
                0x0800bcd0       0x13 CMakeFiles/CLion_Demo.elf.dir/Core/Src/speak.c.obj
 *fill*         0x0800bce3        0x1 
 .rodata.I2C_ByteWrite.str1.4
                0x0800bce4        0xd CMakeFiles/CLion_Demo.elf.dir/Core/Src/speak.c.obj
 *fill*         0x0800bcf1        0x3 
 .rodata.GetChipStatus.str1.4
                0x0800bcf4        0xf CMakeFiles/CLion_Demo.elf.dir/Core/Src/speak.c.obj
 *fill*         0x0800bd03        0x1 
 .rodata.TextCtrl.str1.4
                0x0800bd04        0xd CMakeFiles/CLion_Demo.elf.dir/Core/Src/speak.c.obj
 *fill*         0x0800bd11        0x3 
 .rodata.SetVolume.str1.4
                0x0800bd14       0x1e CMakeFiles/CLion_Demo.elf.dir/Core/Src/speak.c.obj
 *fill*         0x0800bd32        0x2 
 .rodata.AHBPrescTable
                0x0800bd34       0x10 CMakeFiles/CLion_Demo.elf.dir/Core/Src/system_stm32f4xx.c.obj
                0x0800bd34                AHBPrescTable
 .rodata.APBPrescTable
                0x0800bd44        0x8 CMakeFiles/CLion_Demo.elf.dir/Core/Src/system_stm32f4xx.c.obj
                0x0800bd44                APBPrescTable
 .rodata._global_impure_ptr
                0x0800bd4c        0x4 d:/stm32cubemx/gcc-arm-none-eabi-10.3-2021.10/bin/../lib/gcc/arm-none-eabi/10.3.1/../../../../arm-none-eabi/lib/thumb/v7e-m/nofp\libg.a(lib_a-impure.o)
                0x0800bd4c                _global_impure_ptr
 .rodata._puts_r.str1.4
                0x0800bd50        0x2 d:/stm32cubemx/gcc-arm-none-eabi-10.3-2021.10/bin/../lib/gcc/arm-none-eabi/10.3.1/../../../../arm-none-eabi/lib/thumb/v7e-m/nofp\libg.a(lib_a-puts.o)
 *fill*         0x0800bd52        0x2 
 .rodata._svfprintf_r.str1.4
                0x0800bd54       0x42 d:/stm32cubemx/gcc-arm-none-eabi-10.3-2021.10/bin/../lib/gcc/arm-none-eabi/10.3.1/../../../../arm-none-eabi/lib/thumb/v7e-m/nofp\libg.a(lib_a-svfprintf.o)
 *fill*         0x0800bd96        0x2 
 .rodata.blanks.1
                0x0800bd98       0x10 d:/stm32cubemx/gcc-arm-none-eabi-10.3-2021.10/bin/../lib/gcc/arm-none-eabi/10.3.1/../../../../arm-none-eabi/lib/thumb/v7e-m/nofp\libg.a(lib_a-svfprintf.o)
 .rodata.zeroes.0
                0x0800bda8       0x10 d:/stm32cubemx/gcc-arm-none-eabi-10.3-2021.10/bin/../lib/gcc/arm-none-eabi/10.3.1/../../../../arm-none-eabi/lib/thumb/v7e-m/nofp\libg.a(lib_a-svfprintf.o)
 .rodata._vfprintf_r.str1.4
                0x0800bdb8       0x42 d:/stm32cubemx/gcc-arm-none-eabi-10.3-2021.10/bin/../lib/gcc/arm-none-eabi/10.3.1/../../../../arm-none-eabi/lib/thumb/v7e-m/nofp\libg.a(lib_a-vfprintf.o)
 .rodata.blanks.1
                0x0800bdb8       0x10 d:/stm32cubemx/gcc-arm-none-eabi-10.3-2021.10/bin/../lib/gcc/arm-none-eabi/10.3.1/../../../../arm-none-eabi/lib/thumb/v7e-m/nofp\libg.a(lib_a-vfprintf.o)
 .rodata.zeroes.0
                0x0800bdc8       0x10 d:/stm32cubemx/gcc-arm-none-eabi-10.3-2021.10/bin/../lib/gcc/arm-none-eabi/10.3.1/../../../../arm-none-eabi/lib/thumb/v7e-m/nofp\libg.a(lib_a-vfprintf.o)
 .rodata._dtoa_r.str1.4
                0x0800bdd8       0xa2 d:/stm32cubemx/gcc-arm-none-eabi-10.3-2021.10/bin/../lib/gcc/arm-none-eabi/10.3.1/../../../../arm-none-eabi/lib/thumb/v7e-m/nofp\libg.a(lib_a-dtoa.o)
                                 0xa6 (size before relaxing)
 *fill*         0x0800be7a        0x2 
 .rodata.__multadd.str1.4
                0x0800be7c       0x7f d:/stm32cubemx/gcc-arm-none-eabi-10.3-2021.10/bin/../lib/gcc/arm-none-eabi/10.3.1/../../../../arm-none-eabi/lib/thumb/v7e-m/nofp\libg.a(lib_a-mprec.o)
                                 0x93 (size before relaxing)
 *fill*         0x0800befb        0x5 
 .rodata.__mprec_bigtens
                0x0800bf00       0x28 d:/stm32cubemx/gcc-arm-none-eabi-10.3-2021.10/bin/../lib/gcc/arm-none-eabi/10.3.1/../../../../arm-none-eabi/lib/thumb/v7e-m/nofp\libg.a(lib_a-mprec.o)
                0x0800bf00                __mprec_bigtens
 .rodata.__mprec_tens
                0x0800bf28       0xc8 d:/stm32cubemx/gcc-arm-none-eabi-10.3-2021.10/bin/../lib/gcc/arm-none-eabi/10.3.1/../../../../arm-none-eabi/lib/thumb/v7e-m/nofp\libg.a(lib_a-mprec.o)
                0x0800bf28                __mprec_tens
 .rodata.p05.0  0x0800bff0        0xc d:/stm32cubemx/gcc-arm-none-eabi-10.3-2021.10/bin/../lib/gcc/arm-none-eabi/10.3.1/../../../../arm-none-eabi/lib/thumb/v7e-m/nofp\libg.a(lib_a-mprec.o)
 .rodata._vfiprintf_r.str1.4
                0x0800bffc       0x2f d:/stm32cubemx/gcc-arm-none-eabi-10.3-2021.10/bin/../lib/gcc/arm-none-eabi/10.3.1/../../../../arm-none-eabi/lib/thumb/v7e-m/nofp\libg.a(lib_a-vfiprintf.o)
 .rodata.blanks.1
                0x0800bffc       0x10 d:/stm32cubemx/gcc-arm-none-eabi-10.3-2021.10/bin/../lib/gcc/arm-none-eabi/10.3.1/../../../../arm-none-eabi/lib/thumb/v7e-m/nofp\libg.a(lib_a-vfiprintf.o)
 .rodata.zeroes.0
                0x0800c00c       0x10 d:/stm32cubemx/gcc-arm-none-eabi-10.3-2021.10/bin/../lib/gcc/arm-none-eabi/10.3.1/../../../../arm-none-eabi/lib/thumb/v7e-m/nofp\libg.a(lib_a-vfiprintf.o)
 .rodata.__assert_func.str1.4
                0x0800c01c       0x3f d:/stm32cubemx/gcc-arm-none-eabi-10.3-2021.10/bin/../lib/gcc/arm-none-eabi/10.3.1/../../../../arm-none-eabi/lib/thumb/v7e-m/nofp\libg.a(lib_a-assert.o)
                                 0x43 (size before relaxing)
 *fill*         0x0800c05b        0x1 
 .rodata._setlocale_r.str1.4
                0x0800c05c        0xa d:/stm32cubemx/gcc-arm-none-eabi-10.3-2021.10/bin/../lib/gcc/arm-none-eabi/10.3.1/../../../../arm-none-eabi/lib/thumb/v7e-m/nofp\libg.a(lib_a-locale.o)
                                  0xd (size before relaxing)
 *fill*         0x0800c066        0x2 
 .rodata.str1.4
                0x0800c068        0x2 d:/stm32cubemx/gcc-arm-none-eabi-10.3-2021.10/bin/../lib/gcc/arm-none-eabi/10.3.1/../../../../arm-none-eabi/lib/thumb/v7e-m/nofp\libg.a(lib_a-locale.o)
 *fill*         0x0800c06a        0x2 
 .rodata._ctype_
                0x0800c06c      0x101 d:/stm32cubemx/gcc-arm-none-eabi-10.3-2021.10/bin/../lib/gcc/arm-none-eabi/10.3.1/../../../../arm-none-eabi/lib/thumb/v7e-m/nofp\libg.a(lib_a-ctype_.o)
                0x0800c06c                _ctype_
                0x0800c170                . = ALIGN (0x4)
 *fill*         0x0800c16d        0x3 

.ARM.extab      0x0800c170        0x0
                0x0800c170                . = ALIGN (0x4)
 *(.ARM.extab* .gnu.linkonce.armextab.*)
                0x0800c170                . = ALIGN (0x4)

.ARM            0x0800c170        0x8
                0x0800c170                . = ALIGN (0x4)
                0x0800c170                __exidx_start = .
 *(.ARM.exidx*)
 .ARM.exidx     0x0800c170        0x8 d:/stm32cubemx/gcc-arm-none-eabi-10.3-2021.10/bin/../lib/gcc/arm-none-eabi/10.3.1/thumb/v7e-m/nofp\libgcc.a(_udivmoddi4.o)
                0x0800c178                __exidx_end = .
                0x0800c178                . = ALIGN (0x4)

.rel.dyn        0x0800c178        0x0
 .rel.iplt      0x0800c178        0x0 d:/stm32cubemx/gcc-arm-none-eabi-10.3-2021.10/bin/../lib/gcc/arm-none-eabi/10.3.1/thumb/v7e-m/nofp/crtbegin.o

.preinit_array  0x0800c178        0x0
                0x0800c178                . = ALIGN (0x4)
                0x0800c178                PROVIDE (__preinit_array_start = .)
 *(.preinit_array*)
                0x0800c178                PROVIDE (__preinit_array_end = .)
                0x0800c178                . = ALIGN (0x4)

.init_array     0x0800c178        0x8
                0x0800c178                . = ALIGN (0x4)
                0x0800c178                PROVIDE (__init_array_start = .)
 *(SORT_BY_NAME(.init_array.*))
 .init_array.00000
                0x0800c178        0x4 d:/stm32cubemx/gcc-arm-none-eabi-10.3-2021.10/bin/../lib/gcc/arm-none-eabi/10.3.1/../../../../arm-none-eabi/lib/thumb/v7e-m/nofp\libg.a(lib_a-__call_atexit.o)
 *(.init_array*)
 .init_array    0x0800c17c        0x4 d:/stm32cubemx/gcc-arm-none-eabi-10.3-2021.10/bin/../lib/gcc/arm-none-eabi/10.3.1/thumb/v7e-m/nofp/crtbegin.o
                0x0800c180                PROVIDE (__init_array_end = .)
                0x0800c180                . = ALIGN (0x4)

.fini_array     0x0800c180        0x4
                0x0800c180                . = ALIGN (0x4)
                0x0800c180                PROVIDE (__fini_array_start = .)
 *(SORT_BY_NAME(.fini_array.*))
 *(.fini_array*)
 .fini_array    0x0800c180        0x4 d:/stm32cubemx/gcc-arm-none-eabi-10.3-2021.10/bin/../lib/gcc/arm-none-eabi/10.3.1/thumb/v7e-m/nofp/crtbegin.o
                0x0800c184                PROVIDE (__fini_array_end = .)
                0x0800c184                . = ALIGN (0x4)
                0x0800c184                _sidata = LOADADDR (.data)

.data           0x20000000      0x9c0 load address 0x0800c184
                0x20000000                . = ALIGN (0x4)
                0x20000000                _sdata = .
 *(.data)
 *(.data*)
 .data.I2CTimeout
                0x20000000        0x4 CMakeFiles/CLion_Demo.elf.dir/Core/Src/speak.c.obj
 .data.SystemCoreClock
                0x20000004        0x4 CMakeFiles/CLion_Demo.elf.dir/Core/Src/system_stm32f4xx.c.obj
                0x20000004                SystemCoreClock
 .data.uwTickFreq
                0x20000008        0x1 CMakeFiles/CLion_Demo.elf.dir/Drivers/STM32F4xx_HAL_Driver/Src/stm32f4xx_hal.c.obj
                0x20000008                uwTickFreq
 *fill*         0x20000009        0x3 
 .data.uwTickPrio
                0x2000000c        0x4 CMakeFiles/CLion_Demo.elf.dir/Drivers/STM32F4xx_HAL_Driver/Src/stm32f4xx_hal.c.obj
                0x2000000c                uwTickPrio
 .data._impure_ptr
                0x20000010        0x4 d:/stm32cubemx/gcc-arm-none-eabi-10.3-2021.10/bin/../lib/gcc/arm-none-eabi/10.3.1/../../../../arm-none-eabi/lib/thumb/v7e-m/nofp\libg.a(lib_a-impure.o)
                0x20000010                _impure_ptr
 *fill*         0x20000014        0x4 
 .data.impure_data
                0x20000018      0x428 d:/stm32cubemx/gcc-arm-none-eabi-10.3-2021.10/bin/../lib/gcc/arm-none-eabi/10.3.1/../../../../arm-none-eabi/lib/thumb/v7e-m/nofp\libg.a(lib_a-impure.o)
 .data.__atexit_recursive_mutex
                0x20000440        0x4 d:/stm32cubemx/gcc-arm-none-eabi-10.3-2021.10/bin/../lib/gcc/arm-none-eabi/10.3.1/../../../../arm-none-eabi/lib/thumb/v7e-m/nofp\libg.a(lib_a-__call_atexit.o)
                0x20000440                __atexit_recursive_mutex
 .data.__malloc_av_
                0x20000444      0x408 d:/stm32cubemx/gcc-arm-none-eabi-10.3-2021.10/bin/../lib/gcc/arm-none-eabi/10.3.1/../../../../arm-none-eabi/lib/thumb/v7e-m/nofp\libg.a(lib_a-mallocr.o)
                0x20000444                __malloc_av_
 .data.__malloc_sbrk_base
                0x2000084c        0x4 d:/stm32cubemx/gcc-arm-none-eabi-10.3-2021.10/bin/../lib/gcc/arm-none-eabi/10.3.1/../../../../arm-none-eabi/lib/thumb/v7e-m/nofp\libg.a(lib_a-mallocr.o)
                0x2000084c                __malloc_sbrk_base
 .data.__malloc_trim_threshold
                0x20000850        0x4 d:/stm32cubemx/gcc-arm-none-eabi-10.3-2021.10/bin/../lib/gcc/arm-none-eabi/10.3.1/../../../../arm-none-eabi/lib/thumb/v7e-m/nofp\libg.a(lib_a-mallocr.o)
                0x20000850                __malloc_trim_threshold
 .data.__global_locale
                0x20000854      0x16c d:/stm32cubemx/gcc-arm-none-eabi-10.3-2021.10/bin/../lib/gcc/arm-none-eabi/10.3.1/../../../../arm-none-eabi/lib/thumb/v7e-m/nofp\libg.a(lib_a-locale.o)
                0x20000854                __global_locale
 *(.RamFunc)
 *(.RamFunc*)
                0x200009c0                . = ALIGN (0x4)
                0x200009c0                _edata = .
                0x0800cb44                _siccmram = LOADADDR (.ccmram)

.igot.plt       0x200009c0        0x0 load address 0x0800cb44
 .igot.plt      0x200009c0        0x0 d:/stm32cubemx/gcc-arm-none-eabi-10.3-2021.10/bin/../lib/gcc/arm-none-eabi/10.3.1/thumb/v7e-m/nofp/crtbegin.o

.ccmram         0x10000000        0x0 load address 0x0800cb44
                0x10000000                . = ALIGN (0x4)
                0x10000000                _sccmram = .
 *(.ccmram)
 *(.ccmram*)
                0x10000000                . = ALIGN (0x4)
                0x10000000                _eccmram = .
                0x10000000                . = ALIGN (0x4)

.bss            0x200009c0      0x158
                0x200009c0                _sbss = .
                0x200009c0                __bss_start__ = _sbss
 *(.bss)
 .bss           0x200009c0       0x1c d:/stm32cubemx/gcc-arm-none-eabi-10.3-2021.10/bin/../lib/gcc/arm-none-eabi/10.3.1/thumb/v7e-m/nofp/crtbegin.o
 *(.bss*)
 .bss.hi2c1     0x200009dc       0x54 CMakeFiles/CLion_Demo.elf.dir/Core/Src/i2c.c.obj
                0x200009dc                hi2c1
 .bss.hi2c2     0x20000a30       0x54 CMakeFiles/CLion_Demo.elf.dir/Core/Src/i2c.c.obj
                0x20000a30                hi2c2
 .bss.__sbrk_heap_end
                0x20000a84        0x4 CMakeFiles/CLion_Demo.elf.dir/Core/Src/sysmem.c.obj
 .bss.huart1    0x20000a88       0x44 CMakeFiles/CLion_Demo.elf.dir/Core/Src/usart.c.obj
                0x20000a88                huart1
 .bss.uwTick    0x20000acc        0x4 CMakeFiles/CLion_Demo.elf.dir/Drivers/STM32F4xx_HAL_Driver/Src/stm32f4xx_hal.c.obj
                0x20000acc                uwTick
 .bss.__lock___atexit_recursive_mutex
                0x20000ad0        0x1 d:/stm32cubemx/gcc-arm-none-eabi-10.3-2021.10/bin/../lib/gcc/arm-none-eabi/10.3.1/../../../../arm-none-eabi/lib/thumb/v7e-m/nofp\libg.a(lib_a-lock.o)
                0x20000ad0                __lock___atexit_recursive_mutex
 *fill*         0x20000ad1        0x3 
 .bss.__lock___malloc_recursive_mutex
                0x20000ad4        0x1 d:/stm32cubemx/gcc-arm-none-eabi-10.3-2021.10/bin/../lib/gcc/arm-none-eabi/10.3.1/../../../../arm-none-eabi/lib/thumb/v7e-m/nofp\libg.a(lib_a-lock.o)
                0x20000ad4                __lock___malloc_recursive_mutex
 *fill*         0x20000ad5        0x3 
 .bss.__lock___sfp_recursive_mutex
                0x20000ad8        0x1 d:/stm32cubemx/gcc-arm-none-eabi-10.3-2021.10/bin/../lib/gcc/arm-none-eabi/10.3.1/../../../../arm-none-eabi/lib/thumb/v7e-m/nofp\libg.a(lib_a-lock.o)
                0x20000ad8                __lock___sfp_recursive_mutex
 *fill*         0x20000ad9        0x3 
 .bss.__lock___sinit_recursive_mutex
                0x20000adc        0x1 d:/stm32cubemx/gcc-arm-none-eabi-10.3-2021.10/bin/../lib/gcc/arm-none-eabi/10.3.1/../../../../arm-none-eabi/lib/thumb/v7e-m/nofp\libg.a(lib_a-lock.o)
                0x20000adc                __lock___sinit_recursive_mutex
 *fill*         0x20000add        0x3 
 .bss.__malloc_current_mallinfo
                0x20000ae0       0x28 d:/stm32cubemx/gcc-arm-none-eabi-10.3-2021.10/bin/../lib/gcc/arm-none-eabi/10.3.1/../../../../arm-none-eabi/lib/thumb/v7e-m/nofp\libg.a(lib_a-mallocr.o)
                0x20000ae0                __malloc_current_mallinfo
 .bss.__malloc_max_sbrked_mem
                0x20000b08        0x4 d:/stm32cubemx/gcc-arm-none-eabi-10.3-2021.10/bin/../lib/gcc/arm-none-eabi/10.3.1/../../../../arm-none-eabi/lib/thumb/v7e-m/nofp\libg.a(lib_a-mallocr.o)
                0x20000b08                __malloc_max_sbrked_mem
 .bss.__malloc_max_total_mem
                0x20000b0c        0x4 d:/stm32cubemx/gcc-arm-none-eabi-10.3-2021.10/bin/../lib/gcc/arm-none-eabi/10.3.1/../../../../arm-none-eabi/lib/thumb/v7e-m/nofp\libg.a(lib_a-mallocr.o)
                0x20000b0c                __malloc_max_total_mem
 .bss.__malloc_top_pad
                0x20000b10        0x4 d:/stm32cubemx/gcc-arm-none-eabi-10.3-2021.10/bin/../lib/gcc/arm-none-eabi/10.3.1/../../../../arm-none-eabi/lib/thumb/v7e-m/nofp\libg.a(lib_a-mallocr.o)
                0x20000b10                __malloc_top_pad
 .bss.errno     0x20000b14        0x4 d:/stm32cubemx/gcc-arm-none-eabi-10.3-2021.10/bin/../lib/gcc/arm-none-eabi/10.3.1/../../../../arm-none-eabi/lib/thumb/v7e-m/nofp\libg.a(lib_a-reent.o)
                0x20000b14                errno
 *(COMMON)
                0x20000b18                . = ALIGN (0x4)
                0x20000b18                _ebss = .
                0x20000b18                __bss_end__ = _ebss

._user_heap_stack
                0x20000b18      0x600
                0x20000b18                . = ALIGN (0x8)
                [!provide]                PROVIDE (end = .)
                0x20000b18                PROVIDE (_end = .)
                0x20000d18                . = (. + _Min_Heap_Size)
 *fill*         0x20000b18      0x200 
                0x20001118                . = (. + _Min_Stack_Size)
 *fill*         0x20000d18      0x400 
                0x20001118                . = ALIGN (0x8)

/DISCARD/
 libc.a(*)
 libm.a(*)
 libgcc.a(*)

.ARM.attributes
                0x00000000       0x2a
 *(.ARM.attributes)
 .ARM.attributes
                0x00000000       0x1e d:/stm32cubemx/gcc-arm-none-eabi-10.3-2021.10/bin/../lib/gcc/arm-none-eabi/10.3.1/thumb/v7e-m/nofp/crti.o
 .ARM.attributes
                0x0000001e       0x2e d:/stm32cubemx/gcc-arm-none-eabi-10.3-2021.10/bin/../lib/gcc/arm-none-eabi/10.3.1/thumb/v7e-m/nofp/crtbegin.o
 .ARM.attributes
                0x0000004c       0x2e CMakeFiles/CLion_Demo.elf.dir/Core/Src/gpio.c.obj
 .ARM.attributes
                0x0000007a       0x2e CMakeFiles/CLion_Demo.elf.dir/Core/Src/i2c.c.obj
 .ARM.attributes
                0x000000a8       0x2e CMakeFiles/CLion_Demo.elf.dir/Core/Src/main.c.obj
 .ARM.attributes
                0x000000d6       0x2e CMakeFiles/CLion_Demo.elf.dir/Core/Src/oled.c.obj
 .ARM.attributes
                0x00000104       0x2e CMakeFiles/CLion_Demo.elf.dir/Core/Src/speak.c.obj
 .ARM.attributes
                0x00000132       0x2e CMakeFiles/CLion_Demo.elf.dir/Core/Src/stm32f4xx_hal_msp.c.obj
 .ARM.attributes
                0x00000160       0x2e CMakeFiles/CLion_Demo.elf.dir/Core/Src/stm32f4xx_it.c.obj
 .ARM.attributes
                0x0000018e       0x2e CMakeFiles/CLion_Demo.elf.dir/Core/Src/syscalls.c.obj
 .ARM.attributes
                0x000001bc       0x2e CMakeFiles/CLion_Demo.elf.dir/Core/Src/sysmem.c.obj
 .ARM.attributes
                0x000001ea       0x2e CMakeFiles/CLion_Demo.elf.dir/Core/Src/system_stm32f4xx.c.obj
 .ARM.attributes
                0x00000218       0x2e CMakeFiles/CLion_Demo.elf.dir/Core/Src/usart.c.obj
 .ARM.attributes
                0x00000246       0x21 CMakeFiles/CLion_Demo.elf.dir/Core/Startup/startup_stm32f407zgtx.s.obj
 .ARM.attributes
                0x00000267       0x2e CMakeFiles/CLion_Demo.elf.dir/Drivers/STM32F4xx_HAL_Driver/Src/stm32f4xx_hal.c.obj
 .ARM.attributes
                0x00000295       0x2e CMakeFiles/CLion_Demo.elf.dir/Drivers/STM32F4xx_HAL_Driver/Src/stm32f4xx_hal_cortex.c.obj
 .ARM.attributes
                0x000002c3       0x2e CMakeFiles/CLion_Demo.elf.dir/Drivers/STM32F4xx_HAL_Driver/Src/stm32f4xx_hal_dma.c.obj
 .ARM.attributes
                0x000002f1       0x2e CMakeFiles/CLion_Demo.elf.dir/Drivers/STM32F4xx_HAL_Driver/Src/stm32f4xx_hal_gpio.c.obj
 .ARM.attributes
                0x0000031f       0x2e CMakeFiles/CLion_Demo.elf.dir/Drivers/STM32F4xx_HAL_Driver/Src/stm32f4xx_hal_i2c.c.obj
 .ARM.attributes
                0x0000034d       0x2e CMakeFiles/CLion_Demo.elf.dir/Drivers/STM32F4xx_HAL_Driver/Src/stm32f4xx_hal_rcc.c.obj
 .ARM.attributes
                0x0000037b       0x2e CMakeFiles/CLion_Demo.elf.dir/Drivers/STM32F4xx_HAL_Driver/Src/stm32f4xx_hal_uart.c.obj
 .ARM.attributes
                0x000003a9       0x1e d:/stm32cubemx/gcc-arm-none-eabi-10.3-2021.10/bin/../lib/gcc/arm-none-eabi/10.3.1/thumb/v7e-m/nofp\libgcc.a(_aeabi_uldivmod.o)
 .ARM.attributes
                0x000003c7       0x2e d:/stm32cubemx/gcc-arm-none-eabi-10.3-2021.10/bin/../lib/gcc/arm-none-eabi/10.3.1/thumb/v7e-m/nofp\libgcc.a(_udivmoddi4.o)
 .ARM.attributes
                0x000003f5       0x1e d:/stm32cubemx/gcc-arm-none-eabi-10.3-2021.10/bin/../lib/gcc/arm-none-eabi/10.3.1/thumb/v7e-m/nofp\libgcc.a(_dvmd_tls.o)
 .ARM.attributes
                0x00000413       0x2e d:/stm32cubemx/gcc-arm-none-eabi-10.3-2021.10/bin/../lib/gcc/arm-none-eabi/10.3.1/../../../../arm-none-eabi/lib/thumb/v7e-m/nofp\libg.a(lib_a-errno.o)
 .ARM.attributes
                0x00000441       0x2e d:/stm32cubemx/gcc-arm-none-eabi-10.3-2021.10/bin/../lib/gcc/arm-none-eabi/10.3.1/../../../../arm-none-eabi/lib/thumb/v7e-m/nofp\libg.a(lib_a-impure.o)
 .ARM.attributes
                0x0000046f       0x2e d:/stm32cubemx/gcc-arm-none-eabi-10.3-2021.10/bin/../lib/gcc/arm-none-eabi/10.3.1/../../../../arm-none-eabi/lib/thumb/v7e-m/nofp\libg.a(lib_a-init.o)
 .ARM.attributes
                0x0000049d       0x2e d:/stm32cubemx/gcc-arm-none-eabi-10.3-2021.10/bin/../lib/gcc/arm-none-eabi/10.3.1/../../../../arm-none-eabi/lib/thumb/v7e-m/nofp\libg.a(lib_a-memset.o)
 .ARM.attributes
                0x000004cb       0x2e d:/stm32cubemx/gcc-arm-none-eabi-10.3-2021.10/bin/../lib/gcc/arm-none-eabi/10.3.1/../../../../arm-none-eabi/lib/thumb/v7e-m/nofp\libg.a(lib_a-printf.o)
 .ARM.attributes
                0x000004f9       0x2e d:/stm32cubemx/gcc-arm-none-eabi-10.3-2021.10/bin/../lib/gcc/arm-none-eabi/10.3.1/../../../../arm-none-eabi/lib/thumb/v7e-m/nofp\libg.a(lib_a-puts.o)
 .ARM.attributes
                0x00000527       0x2e d:/stm32cubemx/gcc-arm-none-eabi-10.3-2021.10/bin/../lib/gcc/arm-none-eabi/10.3.1/../../../../arm-none-eabi/lib/thumb/v7e-m/nofp\libg.a(lib_a-sprintf.o)
 .ARM.attributes
                0x00000555       0x1c d:/stm32cubemx/gcc-arm-none-eabi-10.3-2021.10/bin/../lib/gcc/arm-none-eabi/10.3.1/../../../../arm-none-eabi/lib/thumb/v7e-m/nofp\libg.a(lib_a-strlen.o)
 .ARM.attributes
                0x00000571       0x2e d:/stm32cubemx/gcc-arm-none-eabi-10.3-2021.10/bin/../lib/gcc/arm-none-eabi/10.3.1/../../../../arm-none-eabi/lib/thumb/v7e-m/nofp\libg.a(lib_a-svfprintf.o)
 .ARM.attributes
                0x0000059f       0x2e d:/stm32cubemx/gcc-arm-none-eabi-10.3-2021.10/bin/../lib/gcc/arm-none-eabi/10.3.1/../../../../arm-none-eabi/lib/thumb/v7e-m/nofp\libg.a(lib_a-vfprintf.o)
 .ARM.attributes
                0x000005cd       0x2e d:/stm32cubemx/gcc-arm-none-eabi-10.3-2021.10/bin/../lib/gcc/arm-none-eabi/10.3.1/../../../../arm-none-eabi/lib/thumb/v7e-m/nofp\libg.a(lib_a-wsetup.o)
 .ARM.attributes
                0x000005fb       0x2e d:/stm32cubemx/gcc-arm-none-eabi-10.3-2021.10/bin/../lib/gcc/arm-none-eabi/10.3.1/../../../../arm-none-eabi/lib/thumb/v7e-m/nofp\libg.a(lib_a-__call_atexit.o)
 .ARM.attributes
                0x00000629       0x2e d:/stm32cubemx/gcc-arm-none-eabi-10.3-2021.10/bin/../lib/gcc/arm-none-eabi/10.3.1/../../../../arm-none-eabi/lib/thumb/v7e-m/nofp\libg.a(lib_a-atexit.o)
 .ARM.attributes
                0x00000657       0x2e d:/stm32cubemx/gcc-arm-none-eabi-10.3-2021.10/bin/../lib/gcc/arm-none-eabi/10.3.1/../../../../arm-none-eabi/lib/thumb/v7e-m/nofp\libg.a(lib_a-dtoa.o)
 .ARM.attributes
                0x00000685       0x2e d:/stm32cubemx/gcc-arm-none-eabi-10.3-2021.10/bin/../lib/gcc/arm-none-eabi/10.3.1/../../../../arm-none-eabi/lib/thumb/v7e-m/nofp\libg.a(lib_a-fflush.o)
 .ARM.attributes
                0x000006b3       0x2e d:/stm32cubemx/gcc-arm-none-eabi-10.3-2021.10/bin/../lib/gcc/arm-none-eabi/10.3.1/../../../../arm-none-eabi/lib/thumb/v7e-m/nofp\libg.a(lib_a-findfp.o)
 .ARM.attributes
                0x000006e1       0x2e d:/stm32cubemx/gcc-arm-none-eabi-10.3-2021.10/bin/../lib/gcc/arm-none-eabi/10.3.1/../../../../arm-none-eabi/lib/thumb/v7e-m/nofp\libg.a(lib_a-fini.o)
 .ARM.attributes
                0x0000070f       0x2e d:/stm32cubemx/gcc-arm-none-eabi-10.3-2021.10/bin/../lib/gcc/arm-none-eabi/10.3.1/../../../../arm-none-eabi/lib/thumb/v7e-m/nofp\libg.a(lib_a-freer.o)
 .ARM.attributes
                0x0000073d       0x2e d:/stm32cubemx/gcc-arm-none-eabi-10.3-2021.10/bin/../lib/gcc/arm-none-eabi/10.3.1/../../../../arm-none-eabi/lib/thumb/v7e-m/nofp\libg.a(lib_a-fvwrite.o)
 .ARM.attributes
                0x0000076b       0x2e d:/stm32cubemx/gcc-arm-none-eabi-10.3-2021.10/bin/../lib/gcc/arm-none-eabi/10.3.1/../../../../arm-none-eabi/lib/thumb/v7e-m/nofp\libg.a(lib_a-fwalk.o)
 .ARM.attributes
                0x00000799       0x2e d:/stm32cubemx/gcc-arm-none-eabi-10.3-2021.10/bin/../lib/gcc/arm-none-eabi/10.3.1/../../../../arm-none-eabi/lib/thumb/v7e-m/nofp\libg.a(lib_a-localeconv.o)
 .ARM.attributes
                0x000007c7       0x2e d:/stm32cubemx/gcc-arm-none-eabi-10.3-2021.10/bin/../lib/gcc/arm-none-eabi/10.3.1/../../../../arm-none-eabi/lib/thumb/v7e-m/nofp\libg.a(lib_a-lock.o)
 .ARM.attributes
                0x000007f5       0x2e d:/stm32cubemx/gcc-arm-none-eabi-10.3-2021.10/bin/../lib/gcc/arm-none-eabi/10.3.1/../../../../arm-none-eabi/lib/thumb/v7e-m/nofp\libg.a(lib_a-makebuf.o)
 .ARM.attributes
                0x00000823       0x2e d:/stm32cubemx/gcc-arm-none-eabi-10.3-2021.10/bin/../lib/gcc/arm-none-eabi/10.3.1/../../../../arm-none-eabi/lib/thumb/v7e-m/nofp\libg.a(lib_a-mallocr.o)
 .ARM.attributes
                0x00000851       0x1c d:/stm32cubemx/gcc-arm-none-eabi-10.3-2021.10/bin/../lib/gcc/arm-none-eabi/10.3.1/../../../../arm-none-eabi/lib/thumb/v7e-m/nofp\libg.a(lib_a-memchr.o)
 .ARM.attributes
                0x0000086d       0x1c d:/stm32cubemx/gcc-arm-none-eabi-10.3-2021.10/bin/../lib/gcc/arm-none-eabi/10.3.1/../../../../arm-none-eabi/lib/thumb/v7e-m/nofp\libg.a(lib_a-memcpy.o)
 .ARM.attributes
                0x00000889       0x2e d:/stm32cubemx/gcc-arm-none-eabi-10.3-2021.10/bin/../lib/gcc/arm-none-eabi/10.3.1/../../../../arm-none-eabi/lib/thumb/v7e-m/nofp\libg.a(lib_a-memmove.o)
 .ARM.attributes
                0x000008b7       0x2e d:/stm32cubemx/gcc-arm-none-eabi-10.3-2021.10/bin/../lib/gcc/arm-none-eabi/10.3.1/../../../../arm-none-eabi/lib/thumb/v7e-m/nofp\libg.a(lib_a-mlock.o)
 .ARM.attributes
                0x000008e5       0x2e d:/stm32cubemx/gcc-arm-none-eabi-10.3-2021.10/bin/../lib/gcc/arm-none-eabi/10.3.1/../../../../arm-none-eabi/lib/thumb/v7e-m/nofp\libg.a(lib_a-mprec.o)
 .ARM.attributes
                0x00000913       0x2e d:/stm32cubemx/gcc-arm-none-eabi-10.3-2021.10/bin/../lib/gcc/arm-none-eabi/10.3.1/../../../../arm-none-eabi/lib/thumb/v7e-m/nofp\libg.a(lib_a-reallocr.o)
 .ARM.attributes
                0x00000941       0x2e d:/stm32cubemx/gcc-arm-none-eabi-10.3-2021.10/bin/../lib/gcc/arm-none-eabi/10.3.1/../../../../arm-none-eabi/lib/thumb/v7e-m/nofp\libg.a(lib_a-s_frexp.o)
 .ARM.attributes
                0x0000096f       0x2e d:/stm32cubemx/gcc-arm-none-eabi-10.3-2021.10/bin/../lib/gcc/arm-none-eabi/10.3.1/../../../../arm-none-eabi/lib/thumb/v7e-m/nofp\libg.a(lib_a-sbrkr.o)
 .ARM.attributes
                0x0000099d       0x2e d:/stm32cubemx/gcc-arm-none-eabi-10.3-2021.10/bin/../lib/gcc/arm-none-eabi/10.3.1/../../../../arm-none-eabi/lib/thumb/v7e-m/nofp\libg.a(lib_a-stdio.o)
 .ARM.attributes
                0x000009cb       0x2e d:/stm32cubemx/gcc-arm-none-eabi-10.3-2021.10/bin/../lib/gcc/arm-none-eabi/10.3.1/../../../../arm-none-eabi/lib/thumb/v7e-m/nofp\libg.a(lib_a-strncpy.o)
 .ARM.attributes
                0x000009f9       0x2e d:/stm32cubemx/gcc-arm-none-eabi-10.3-2021.10/bin/../lib/gcc/arm-none-eabi/10.3.1/../../../../arm-none-eabi/lib/thumb/v7e-m/nofp\libg.a(lib_a-svfiprintf.o)
 .ARM.attributes
                0x00000a27       0x2e d:/stm32cubemx/gcc-arm-none-eabi-10.3-2021.10/bin/../lib/gcc/arm-none-eabi/10.3.1/../../../../arm-none-eabi/lib/thumb/v7e-m/nofp\libg.a(lib_a-vfiprintf.o)
 .ARM.attributes
                0x00000a55       0x2e d:/stm32cubemx/gcc-arm-none-eabi-10.3-2021.10/bin/../lib/gcc/arm-none-eabi/10.3.1/../../../../arm-none-eabi/lib/thumb/v7e-m/nofp\libg.a(lib_a-writer.o)
 .ARM.attributes
                0x00000a83       0x2e d:/stm32cubemx/gcc-arm-none-eabi-10.3-2021.10/bin/../lib/gcc/arm-none-eabi/10.3.1/../../../../arm-none-eabi/lib/thumb/v7e-m/nofp\libg.a(lib_a-__atexit.o)
 .ARM.attributes
                0x00000ab1       0x2e d:/stm32cubemx/gcc-arm-none-eabi-10.3-2021.10/bin/../lib/gcc/arm-none-eabi/10.3.1/../../../../arm-none-eabi/lib/thumb/v7e-m/nofp\libg.a(lib_a-assert.o)
 .ARM.attributes
                0x00000adf       0x2e d:/stm32cubemx/gcc-arm-none-eabi-10.3-2021.10/bin/../lib/gcc/arm-none-eabi/10.3.1/../../../../arm-none-eabi/lib/thumb/v7e-m/nofp\libg.a(lib_a-callocr.o)
 .ARM.attributes
                0x00000b0d       0x2e d:/stm32cubemx/gcc-arm-none-eabi-10.3-2021.10/bin/../lib/gcc/arm-none-eabi/10.3.1/../../../../arm-none-eabi/lib/thumb/v7e-m/nofp\libg.a(lib_a-closer.o)
 .ARM.attributes
                0x00000b3b       0x2e d:/stm32cubemx/gcc-arm-none-eabi-10.3-2021.10/bin/../lib/gcc/arm-none-eabi/10.3.1/../../../../arm-none-eabi/lib/thumb/v7e-m/nofp\libg.a(lib_a-fclose.o)
 .ARM.attributes
                0x00000b69       0x2e d:/stm32cubemx/gcc-arm-none-eabi-10.3-2021.10/bin/../lib/gcc/arm-none-eabi/10.3.1/../../../../arm-none-eabi/lib/thumb/v7e-m/nofp\libg.a(lib_a-fiprintf.o)
 .ARM.attributes
                0x00000b97       0x2e d:/stm32cubemx/gcc-arm-none-eabi-10.3-2021.10/bin/../lib/gcc/arm-none-eabi/10.3.1/../../../../arm-none-eabi/lib/thumb/v7e-m/nofp\libg.a(lib_a-fputwc.o)
 .ARM.attributes
                0x00000bc5       0x2e d:/stm32cubemx/gcc-arm-none-eabi-10.3-2021.10/bin/../lib/gcc/arm-none-eabi/10.3.1/../../../../arm-none-eabi/lib/thumb/v7e-m/nofp\libg.a(lib_a-fstatr.o)
 .ARM.attributes
                0x00000bf3       0x2e d:/stm32cubemx/gcc-arm-none-eabi-10.3-2021.10/bin/../lib/gcc/arm-none-eabi/10.3.1/../../../../arm-none-eabi/lib/thumb/v7e-m/nofp\libg.a(lib_a-isattyr.o)
 .ARM.attributes
                0x00000c21       0x2e d:/stm32cubemx/gcc-arm-none-eabi-10.3-2021.10/bin/../lib/gcc/arm-none-eabi/10.3.1/../../../../arm-none-eabi/lib/thumb/v7e-m/nofp\libg.a(lib_a-locale.o)
 .ARM.attributes
                0x00000c4f       0x2e d:/stm32cubemx/gcc-arm-none-eabi-10.3-2021.10/bin/../lib/gcc/arm-none-eabi/10.3.1/../../../../arm-none-eabi/lib/thumb/v7e-m/nofp\libg.a(lib_a-lseekr.o)
 .ARM.attributes
                0x00000c7d       0x2e d:/stm32cubemx/gcc-arm-none-eabi-10.3-2021.10/bin/../lib/gcc/arm-none-eabi/10.3.1/../../../../arm-none-eabi/lib/thumb/v7e-m/nofp\libg.a(lib_a-mbtowc_r.o)
 .ARM.attributes
                0x00000cab       0x2e d:/stm32cubemx/gcc-arm-none-eabi-10.3-2021.10/bin/../lib/gcc/arm-none-eabi/10.3.1/../../../../arm-none-eabi/lib/thumb/v7e-m/nofp\libg.a(lib_a-readr.o)
 .ARM.attributes
                0x00000cd9       0x2e d:/stm32cubemx/gcc-arm-none-eabi-10.3-2021.10/bin/../lib/gcc/arm-none-eabi/10.3.1/../../../../arm-none-eabi/lib/thumb/v7e-m/nofp\libg.a(lib_a-reent.o)
 .ARM.attributes
                0x00000d07       0x2e d:/stm32cubemx/gcc-arm-none-eabi-10.3-2021.10/bin/../lib/gcc/arm-none-eabi/10.3.1/../../../../arm-none-eabi/lib/thumb/v7e-m/nofp\libg.a(lib_a-wbuf.o)
 .ARM.attributes
                0x00000d35       0x2e d:/stm32cubemx/gcc-arm-none-eabi-10.3-2021.10/bin/../lib/gcc/arm-none-eabi/10.3.1/../../../../arm-none-eabi/lib/thumb/v7e-m/nofp\libg.a(lib_a-wcrtomb.o)
 .ARM.attributes
                0x00000d63       0x2e d:/stm32cubemx/gcc-arm-none-eabi-10.3-2021.10/bin/../lib/gcc/arm-none-eabi/10.3.1/../../../../arm-none-eabi/lib/thumb/v7e-m/nofp\libg.a(lib_a-wctomb_r.o)
 .ARM.attributes
                0x00000d91       0x2e d:/stm32cubemx/gcc-arm-none-eabi-10.3-2021.10/bin/../lib/gcc/arm-none-eabi/10.3.1/../../../../arm-none-eabi/lib/thumb/v7e-m/nofp\libg.a(lib_a-abort.o)
 .ARM.attributes
                0x00000dbf       0x2e d:/stm32cubemx/gcc-arm-none-eabi-10.3-2021.10/bin/../lib/gcc/arm-none-eabi/10.3.1/../../../../arm-none-eabi/lib/thumb/v7e-m/nofp\libg.a(lib_a-ctype_.o)
 .ARM.attributes
                0x00000ded       0x2e d:/stm32cubemx/gcc-arm-none-eabi-10.3-2021.10/bin/../lib/gcc/arm-none-eabi/10.3.1/../../../../arm-none-eabi/lib/thumb/v7e-m/nofp\libg.a(lib_a-signal.o)
 .ARM.attributes
                0x00000e1b       0x2e d:/stm32cubemx/gcc-arm-none-eabi-10.3-2021.10/bin/../lib/gcc/arm-none-eabi/10.3.1/../../../../arm-none-eabi/lib/thumb/v7e-m/nofp\libg.a(lib_a-signalr.o)
 .ARM.attributes
                0x00000e49       0x1e d:/stm32cubemx/gcc-arm-none-eabi-10.3-2021.10/bin/../lib/gcc/arm-none-eabi/10.3.1/thumb/v7e-m/nofp\libgcc.a(_arm_addsubdf3.o)
 .ARM.attributes
                0x00000e67       0x1e d:/stm32cubemx/gcc-arm-none-eabi-10.3-2021.10/bin/../lib/gcc/arm-none-eabi/10.3.1/thumb/v7e-m/nofp\libgcc.a(_arm_muldivdf3.o)
 .ARM.attributes
                0x00000e85       0x1e d:/stm32cubemx/gcc-arm-none-eabi-10.3-2021.10/bin/../lib/gcc/arm-none-eabi/10.3.1/thumb/v7e-m/nofp\libgcc.a(_arm_cmpdf2.o)
 .ARM.attributes
                0x00000ea3       0x1e d:/stm32cubemx/gcc-arm-none-eabi-10.3-2021.10/bin/../lib/gcc/arm-none-eabi/10.3.1/thumb/v7e-m/nofp\libgcc.a(_arm_unorddf2.o)
 .ARM.attributes
                0x00000ec1       0x1e d:/stm32cubemx/gcc-arm-none-eabi-10.3-2021.10/bin/../lib/gcc/arm-none-eabi/10.3.1/thumb/v7e-m/nofp\libgcc.a(_arm_fixdfsi.o)
 .ARM.attributes
                0x00000edf       0x1e d:/stm32cubemx/gcc-arm-none-eabi-10.3-2021.10/bin/../lib/gcc/arm-none-eabi/10.3.1/thumb/v7e-m/nofp/crtn.o
OUTPUT(CLion_Demo.elf elf32-littlearm)
LOAD linker stubs
LOAD d:/stm32cubemx/gcc-arm-none-eabi-10.3-2021.10/bin/../lib/gcc/arm-none-eabi/10.3.1/../../../../arm-none-eabi/lib/thumb/v7e-m/nofp\libc.a
LOAD d:/stm32cubemx/gcc-arm-none-eabi-10.3-2021.10/bin/../lib/gcc/arm-none-eabi/10.3.1/../../../../arm-none-eabi/lib/thumb/v7e-m/nofp\libm.a
LOAD d:/stm32cubemx/gcc-arm-none-eabi-10.3-2021.10/bin/../lib/gcc/arm-none-eabi/10.3.1/thumb/v7e-m/nofp\libgcc.a

.debug_info     0x00000000    0x11183
 .debug_info    0x00000000      0x479 CMakeFiles/CLion_Demo.elf.dir/Core/Src/gpio.c.obj
 .debug_info    0x00000479      0xb2c CMakeFiles/CLion_Demo.elf.dir/Core/Src/i2c.c.obj
 .debug_info    0x00000fa5      0x818 CMakeFiles/CLion_Demo.elf.dir/Core/Src/main.c.obj
 .debug_info    0x000017bd     0x10b5 CMakeFiles/CLion_Demo.elf.dir/Core/Src/oled.c.obj
 .debug_info    0x00002872     0x1261 CMakeFiles/CLion_Demo.elf.dir/Core/Src/speak.c.obj
 .debug_info    0x00003ad3      0x2a4 CMakeFiles/CLion_Demo.elf.dir/Core/Src/stm32f4xx_hal_msp.c.obj
 .debug_info    0x00003d77      0x675 CMakeFiles/CLion_Demo.elf.dir/Core/Src/stm32f4xx_it.c.obj
 .debug_info    0x000043ec      0x7af CMakeFiles/CLion_Demo.elf.dir/Core/Src/syscalls.c.obj
 .debug_info    0x00004b9b      0x174 CMakeFiles/CLion_Demo.elf.dir/Core/Src/sysmem.c.obj
 .debug_info    0x00004d0f      0x37d CMakeFiles/CLion_Demo.elf.dir/Core/Src/system_stm32f4xx.c.obj
 .debug_info    0x0000508c      0xcc9 CMakeFiles/CLion_Demo.elf.dir/Core/Src/usart.c.obj
 .debug_info    0x00005d55       0x22 CMakeFiles/CLion_Demo.elf.dir/Core/Startup/startup_stm32f407zgtx.s.obj
 .debug_info    0x00005d77      0x9f0 CMakeFiles/CLion_Demo.elf.dir/Drivers/STM32F4xx_HAL_Driver/Src/stm32f4xx_hal.c.obj
 .debug_info    0x00006767     0x1098 CMakeFiles/CLion_Demo.elf.dir/Drivers/STM32F4xx_HAL_Driver/Src/stm32f4xx_hal_cortex.c.obj
 .debug_info    0x000077ff      0xb3f CMakeFiles/CLion_Demo.elf.dir/Drivers/STM32F4xx_HAL_Driver/Src/stm32f4xx_hal_dma.c.obj
 .debug_info    0x0000833e      0x7b0 CMakeFiles/CLion_Demo.elf.dir/Drivers/STM32F4xx_HAL_Driver/Src/stm32f4xx_hal_gpio.c.obj
 .debug_info    0x00008aee     0x3944 CMakeFiles/CLion_Demo.elf.dir/Drivers/STM32F4xx_HAL_Driver/Src/stm32f4xx_hal_i2c.c.obj
 .debug_info    0x0000c432      0xb03 CMakeFiles/CLion_Demo.elf.dir/Drivers/STM32F4xx_HAL_Driver/Src/stm32f4xx_hal_rcc.c.obj
 .debug_info    0x0000cf35     0x424e CMakeFiles/CLion_Demo.elf.dir/Drivers/STM32F4xx_HAL_Driver/Src/stm32f4xx_hal_uart.c.obj

.debug_abbrev   0x00000000     0x238a
 .debug_abbrev  0x00000000      0x14e CMakeFiles/CLion_Demo.elf.dir/Core/Src/gpio.c.obj
 .debug_abbrev  0x0000014e      0x1d3 CMakeFiles/CLion_Demo.elf.dir/Core/Src/i2c.c.obj
 .debug_abbrev  0x00000321      0x1cb CMakeFiles/CLion_Demo.elf.dir/Core/Src/main.c.obj
 .debug_abbrev  0x000004ec      0x22e CMakeFiles/CLion_Demo.elf.dir/Core/Src/oled.c.obj
 .debug_abbrev  0x0000071a      0x240 CMakeFiles/CLion_Demo.elf.dir/Core/Src/speak.c.obj
 .debug_abbrev  0x0000095a       0xd1 CMakeFiles/CLion_Demo.elf.dir/Core/Src/stm32f4xx_hal_msp.c.obj
 .debug_abbrev  0x00000a2b      0x16e CMakeFiles/CLion_Demo.elf.dir/Core/Src/stm32f4xx_it.c.obj
 .debug_abbrev  0x00000b99      0x1a3 CMakeFiles/CLion_Demo.elf.dir/Core/Src/syscalls.c.obj
 .debug_abbrev  0x00000d3c       0xe7 CMakeFiles/CLion_Demo.elf.dir/Core/Src/sysmem.c.obj
 .debug_abbrev  0x00000e23      0x119 CMakeFiles/CLion_Demo.elf.dir/Core/Src/system_stm32f4xx.c.obj
 .debug_abbrev  0x00000f3c      0x215 CMakeFiles/CLion_Demo.elf.dir/Core/Src/usart.c.obj
 .debug_abbrev  0x00001151       0x12 CMakeFiles/CLion_Demo.elf.dir/Core/Startup/startup_stm32f407zgtx.s.obj
 .debug_abbrev  0x00001163      0x206 CMakeFiles/CLion_Demo.elf.dir/Drivers/STM32F4xx_HAL_Driver/Src/stm32f4xx_hal.c.obj
 .debug_abbrev  0x00001369      0x36a CMakeFiles/CLion_Demo.elf.dir/Drivers/STM32F4xx_HAL_Driver/Src/stm32f4xx_hal_cortex.c.obj
 .debug_abbrev  0x000016d3      0x2c2 CMakeFiles/CLion_Demo.elf.dir/Drivers/STM32F4xx_HAL_Driver/Src/stm32f4xx_hal_dma.c.obj
 .debug_abbrev  0x00001995      0x1ef CMakeFiles/CLion_Demo.elf.dir/Drivers/STM32F4xx_HAL_Driver/Src/stm32f4xx_hal_gpio.c.obj
 .debug_abbrev  0x00001b84      0x27f CMakeFiles/CLion_Demo.elf.dir/Drivers/STM32F4xx_HAL_Driver/Src/stm32f4xx_hal_i2c.c.obj
 .debug_abbrev  0x00001e03      0x28a CMakeFiles/CLion_Demo.elf.dir/Drivers/STM32F4xx_HAL_Driver/Src/stm32f4xx_hal_rcc.c.obj
 .debug_abbrev  0x0000208d      0x2fd CMakeFiles/CLion_Demo.elf.dir/Drivers/STM32F4xx_HAL_Driver/Src/stm32f4xx_hal_uart.c.obj

.debug_aranges  0x00000000      0xb40
 .debug_aranges
                0x00000000       0x20 CMakeFiles/CLion_Demo.elf.dir/Core/Src/gpio.c.obj
 .debug_aranges
                0x00000020       0x38 CMakeFiles/CLion_Demo.elf.dir/Core/Src/i2c.c.obj
 .debug_aranges
                0x00000058       0x30 CMakeFiles/CLion_Demo.elf.dir/Core/Src/main.c.obj
 .debug_aranges
                0x00000088       0x78 CMakeFiles/CLion_Demo.elf.dir/Core/Src/oled.c.obj
 .debug_aranges
                0x00000100       0xc0 CMakeFiles/CLion_Demo.elf.dir/Core/Src/speak.c.obj
 .debug_aranges
                0x000001c0       0x20 CMakeFiles/CLion_Demo.elf.dir/Core/Src/stm32f4xx_hal_msp.c.obj
 .debug_aranges
                0x000001e0       0x68 CMakeFiles/CLion_Demo.elf.dir/Core/Src/stm32f4xx_it.c.obj
 .debug_aranges
                0x00000248       0xa8 CMakeFiles/CLion_Demo.elf.dir/Core/Src/syscalls.c.obj
 .debug_aranges
                0x000002f0       0x20 CMakeFiles/CLion_Demo.elf.dir/Core/Src/sysmem.c.obj
 .debug_aranges
                0x00000310       0x28 CMakeFiles/CLion_Demo.elf.dir/Core/Src/system_stm32f4xx.c.obj
 .debug_aranges
                0x00000338       0x38 CMakeFiles/CLion_Demo.elf.dir/Core/Src/usart.c.obj
 .debug_aranges
                0x00000370       0x28 CMakeFiles/CLion_Demo.elf.dir/Core/Startup/startup_stm32f407zgtx.s.obj
 .debug_aranges
                0x00000398       0xf0 CMakeFiles/CLion_Demo.elf.dir/Drivers/STM32F4xx_HAL_Driver/Src/stm32f4xx_hal.c.obj
 .debug_aranges
                0x00000488       0xa8 CMakeFiles/CLion_Demo.elf.dir/Drivers/STM32F4xx_HAL_Driver/Src/stm32f4xx_hal_cortex.c.obj
 .debug_aranges
                0x00000530       0x90 CMakeFiles/CLion_Demo.elf.dir/Drivers/STM32F4xx_HAL_Driver/Src/stm32f4xx_hal_dma.c.obj
 .debug_aranges
                0x000005c0       0x58 CMakeFiles/CLion_Demo.elf.dir/Drivers/STM32F4xx_HAL_Driver/Src/stm32f4xx_hal_gpio.c.obj
 .debug_aranges
                0x00000618      0x2a0 CMakeFiles/CLion_Demo.elf.dir/Drivers/STM32F4xx_HAL_Driver/Src/stm32f4xx_hal_i2c.c.obj
 .debug_aranges
                0x000008b8       0x88 CMakeFiles/CLion_Demo.elf.dir/Drivers/STM32F4xx_HAL_Driver/Src/stm32f4xx_hal_rcc.c.obj
 .debug_aranges
                0x00000940      0x200 CMakeFiles/CLion_Demo.elf.dir/Drivers/STM32F4xx_HAL_Driver/Src/stm32f4xx_hal_uart.c.obj

.debug_ranges   0x00000000      0xac0
 .debug_ranges  0x00000000       0x10 CMakeFiles/CLion_Demo.elf.dir/Core/Src/gpio.c.obj
 .debug_ranges  0x00000010       0x28 CMakeFiles/CLion_Demo.elf.dir/Core/Src/i2c.c.obj
 .debug_ranges  0x00000038       0x20 CMakeFiles/CLion_Demo.elf.dir/Core/Src/main.c.obj